TimeQuest Timing Analyzer report for NixieTube
Thu Jan 15 20:12:37 2015
Quartus II 64-Bit Version 14.0.0 Build 200 06/17/2014 SJ Full Version


---------------------
; Table of Contents ;
---------------------
  1. Legal Notice
  2. TimeQuest Timing Analyzer Summary
  3. Parallel Compilation
  4. Clocks
  5. Fmax Summary
  6. Setup Summary
  7. Hold Summary
  8. Recovery Summary
  9. Removal Summary
 10. Minimum Pulse Width Summary
 11. Setup: 'clk'
 12. Setup: 'clk_32k'
 13. Hold: 'clk'
 14. Hold: 'clk_32k'
 15. Minimum Pulse Width: 'clk'
 16. Minimum Pulse Width: 'clk_32k'
 17. Setup Times
 18. Hold Times
 19. Clock to Output Times
 20. Minimum Clock to Output Times
 21. Propagation Delay
 22. Minimum Propagation Delay
 23. Setup Transfers
 24. Hold Transfers
 25. Report TCCS
 26. Report RSKM
 27. Unconstrained Paths
 28. TimeQuest Timing Analyzer Messages



----------------
; Legal Notice ;
----------------
Copyright (C) 1991-2014 Altera Corporation. All rights reserved.
Your use of Altera Corporation's design tools, logic functions 
and other software and tools, and its AMPP partner logic 
functions, and any output files from any of the foregoing 
(including device programming or simulation files), and any 
associated documentation or information are expressly subject 
to the terms and conditions of the Altera Program License 
Subscription Agreement, the Altera Quartus II License Agreement,
the Altera MegaCore Function License Agreement, or other 
applicable license agreement, including, without limitation, 
that your use is for the sole purpose of programming logic 
devices manufactured by Altera and sold by Altera or its 
authorized distributors.  Please refer to the applicable 
agreement for further details.



+--------------------------------------------------------------------------+
; TimeQuest Timing Analyzer Summary                                        ;
+--------------------+-----------------------------------------------------+
; Quartus II Version ; Version 14.0.0 Build 200 06/17/2014 SJ Full Version ;
; Revision Name      ; NixieTube                                           ;
; Device Family      ; MAX II                                              ;
; Device Name        ; EPM240T100C5                                        ;
; Timing Models      ; Final                                               ;
; Delay Model        ; Slow Model                                          ;
; Rise/Fall Delays   ; Unavailable                                         ;
+--------------------+-----------------------------------------------------+


+------------------------------------------+
; Parallel Compilation                     ;
+----------------------------+-------------+
; Processors                 ; Number      ;
+----------------------------+-------------+
; Number detected on machine ; 4           ;
; Maximum allowed            ; 2           ;
;                            ;             ;
; Average used               ; 1.00        ;
; Maximum used               ; 1           ;
;                            ;             ;
; Usage by Processor         ; % Time Used ;
;     Processor 1            ; 100.0%      ;
;     Processors 2-4         ;   0.0%      ;
+----------------------------+-------------+


+-------------------------------------------------------------------------------------------------------------------------------------------------------------------------------------+
; Clocks                                                                                                                                                                              ;
+------------+------+--------+------------+-------+-------+------------+-----------+-------------+-------+--------+-----------+------------+----------+--------+--------+-------------+
; Clock Name ; Type ; Period ; Frequency  ; Rise  ; Fall  ; Duty Cycle ; Divide by ; Multiply by ; Phase ; Offset ; Edge List ; Edge Shift ; Inverted ; Master ; Source ; Targets     ;
+------------+------+--------+------------+-------+-------+------------+-----------+-------------+-------+--------+-----------+------------+----------+--------+--------+-------------+
; clk        ; Base ; 1.000  ; 1000.0 MHz ; 0.000 ; 0.500 ;            ;           ;             ;       ;        ;           ;            ;          ;        ;        ; { clk }     ;
; clk_32k    ; Base ; 1.000  ; 1000.0 MHz ; 0.000 ; 0.500 ;            ;           ;             ;       ;        ;           ;            ;          ;        ;        ; { clk_32k } ;
+------------+------+--------+------------+-------+-------+------------+-----------+-------------+-------+--------+-----------+------------+----------+--------+--------+-------------+


+-----------------------------------------------------------------------------------------------------------+
; Fmax Summary                                                                                              ;
+------------+-----------------+------------+---------------------------------------------------------------+
; Fmax       ; Restricted Fmax ; Clock Name ; Note                                                          ;
+------------+-----------------+------------+---------------------------------------------------------------+
; 287.52 MHz ; 287.52 MHz      ; clk        ;                                                               ;
; 407.83 MHz ; 304.04 MHz      ; clk_32k    ; limit due to minimum period restriction (max I/O toggle rate) ;
+------------+-----------------+------------+---------------------------------------------------------------+
This panel reports FMAX for every clock in the design, regardless of the user-specified clock periods.  FMAX is only computed for paths where the source and destination registers or ports are driven by the same clock.  Paths of different clocks, including generated clocks, are ignored.  For paths between a clock and its inversion, FMAX is computed as if the rising and falling edges are scaled along with FMAX, such that the duty cycle (in terms of a percentage) is maintained. Altera recommends that you always use clock constraints and other slack reports for sign-off analysis.


+----------------------------------+
; Setup Summary                    ;
+---------+--------+---------------+
; Clock   ; Slack  ; End Point TNS ;
+---------+--------+---------------+
; clk     ; -2.478 ; -175.527      ;
; clk_32k ; -1.452 ; -2.666        ;
+---------+--------+---------------+


+---------------------------------+
; Hold Summary                    ;
+---------+-------+---------------+
; Clock   ; Slack ; End Point TNS ;
+---------+-------+---------------+
; clk     ; 1.375 ; 0.000         ;
; clk_32k ; 1.660 ; 0.000         ;
+---------+-------+---------------+


--------------------
; Recovery Summary ;
--------------------
No paths to report.


-------------------
; Removal Summary ;
-------------------
No paths to report.


+----------------------------------+
; Minimum Pulse Width Summary      ;
+---------+--------+---------------+
; Clock   ; Slack  ; End Point TNS ;
+---------+--------+---------------+
; clk     ; -2.289 ; -2.289        ;
; clk_32k ; -2.289 ; -2.289        ;
+---------+--------+---------------+


+------------------------------------------------------------------------------------------------------+
; Setup: 'clk'                                                                                         ;
+--------+-----------+-----------+--------------+-------------+--------------+------------+------------+
; Slack  ; From Node ; To Node   ; Launch Clock ; Latch Clock ; Relationship ; Clock Skew ; Data Delay ;
+--------+-----------+-----------+--------------+-------------+--------------+------------+------------+
; -2.478 ; data1[22] ; data1[23] ; clk          ; clk         ; 1.000        ; 0.000      ; 3.145      ;
; -2.165 ; data1[64] ; data1[65] ; clk          ; clk         ; 1.000        ; 0.000      ; 2.832      ;
; -2.073 ; data1[23] ; data1[24] ; clk          ; clk         ; 1.000        ; 0.000      ; 2.740      ;
; -2.050 ; data2[25] ; data2[26] ; clk          ; clk         ; 1.000        ; 0.000      ; 2.717      ;
; -2.045 ; data1[33] ; data1[34] ; clk          ; clk         ; 1.000        ; 0.000      ; 2.712      ;
; -2.037 ; data2[34] ; data2[35] ; clk          ; clk         ; 1.000        ; 0.000      ; 2.704      ;
; -2.018 ; data2[63] ; data2[64] ; clk          ; clk         ; 1.000        ; 0.000      ; 2.685      ;
; -2.015 ; data1[47] ; data1[48] ; clk          ; clk         ; 1.000        ; 0.000      ; 2.682      ;
; -2.012 ; data2[52] ; data2[53] ; clk          ; clk         ; 1.000        ; 0.000      ; 2.679      ;
; -1.993 ; data1[52] ; data1[53] ; clk          ; clk         ; 1.000        ; 0.000      ; 2.660      ;
; -1.989 ; data1[57] ; data1[58] ; clk          ; clk         ; 1.000        ; 0.000      ; 2.656      ;
; -1.969 ; data2[30] ; data2[31] ; clk          ; clk         ; 1.000        ; 0.000      ; 2.636      ;
; -1.948 ; data1[30] ; data1[31] ; clk          ; clk         ; 1.000        ; 0.000      ; 2.615      ;
; -1.948 ; data1[45] ; data1[46] ; clk          ; clk         ; 1.000        ; 0.000      ; 2.615      ;
; -1.932 ; data1[59] ; data1[60] ; clk          ; clk         ; 1.000        ; 0.000      ; 2.599      ;
; -1.888 ; data2[9]  ; data2[10] ; clk          ; clk         ; 1.000        ; 0.000      ; 2.555      ;
; -1.883 ; data2[60] ; data2[61] ; clk          ; clk         ; 1.000        ; 0.000      ; 2.550      ;
; -1.874 ; data2[42] ; data2[43] ; clk          ; clk         ; 1.000        ; 0.000      ; 2.541      ;
; -1.860 ; data1[42] ; data1[43] ; clk          ; clk         ; 1.000        ; 0.000      ; 2.527      ;
; -1.850 ; data1[6]  ; data1[7]  ; clk          ; clk         ; 1.000        ; 0.000      ; 2.517      ;
; -1.657 ; data2[29] ; data2[30] ; clk          ; clk         ; 1.000        ; 0.000      ; 2.324      ;
; -1.591 ; data2[14] ; data2[15] ; clk          ; clk         ; 1.000        ; 0.000      ; 2.258      ;
; -1.385 ; data2[47] ; data2[48] ; clk          ; clk         ; 1.000        ; 0.000      ; 2.052      ;
; -1.378 ; data2[13] ; data2[14] ; clk          ; clk         ; 1.000        ; 0.000      ; 2.045      ;
; -1.375 ; data2[19] ; data2[20] ; clk          ; clk         ; 1.000        ; 0.000      ; 2.042      ;
; -1.375 ; data2[49] ; data2[50] ; clk          ; clk         ; 1.000        ; 0.000      ; 2.042      ;
; -1.358 ; data1[11] ; data1[12] ; clk          ; clk         ; 1.000        ; 0.000      ; 2.025      ;
; -1.357 ; data2[56] ; data2[57] ; clk          ; clk         ; 1.000        ; 0.000      ; 2.024      ;
; -1.351 ; data2[23] ; data2[24] ; clk          ; clk         ; 1.000        ; 0.000      ; 2.018      ;
; -1.345 ; data1[12] ; data1[13] ; clk          ; clk         ; 1.000        ; 0.000      ; 2.012      ;
; -1.341 ; data1[34] ; data1[35] ; clk          ; clk         ; 1.000        ; 0.000      ; 2.008      ;
; -1.340 ; data2[68] ; data2[69] ; clk          ; clk         ; 1.000        ; 0.000      ; 2.007      ;
; -1.338 ; data2[15] ; data2[16] ; clk          ; clk         ; 1.000        ; 0.000      ; 2.005      ;
; -1.338 ; data1[17] ; data1[18] ; clk          ; clk         ; 1.000        ; 0.000      ; 2.005      ;
; -1.335 ; data1[28] ; data1[29] ; clk          ; clk         ; 1.000        ; 0.000      ; 2.002      ;
; -1.333 ; data2[45] ; data2[46] ; clk          ; clk         ; 1.000        ; 0.000      ; 2.000      ;
; -1.329 ; data1[69] ; data1[70] ; clk          ; clk         ; 1.000        ; 0.000      ; 1.996      ;
; -1.328 ; data1[49] ; data1[50] ; clk          ; clk         ; 1.000        ; 0.000      ; 1.995      ;
; -1.327 ; data1[56] ; data1[57] ; clk          ; clk         ; 1.000        ; 0.000      ; 1.994      ;
; -1.326 ; data2[4]  ; data2[5]  ; clk          ; clk         ; 1.000        ; 0.000      ; 1.993      ;
; -1.326 ; data1[38] ; data1[39] ; clk          ; clk         ; 1.000        ; 0.000      ; 1.993      ;
; -1.323 ; data1[4]  ; data1[5]  ; clk          ; clk         ; 1.000        ; 0.000      ; 1.990      ;
; -1.321 ; data2[37] ; data2[38] ; clk          ; clk         ; 1.000        ; 0.000      ; 1.988      ;
; -1.317 ; data1[44] ; data1[45] ; clk          ; clk         ; 1.000        ; 0.000      ; 1.984      ;
; -1.316 ; data1[54] ; data1[55] ; clk          ; clk         ; 1.000        ; 0.000      ; 1.983      ;
; -1.288 ; data2[61] ; data2[62] ; clk          ; clk         ; 1.000        ; 0.000      ; 1.955      ;
; -1.263 ; data2[43] ; data2[44] ; clk          ; clk         ; 1.000        ; 0.000      ; 1.930      ;
; -1.259 ; data2[12] ; data2[13] ; clk          ; clk         ; 1.000        ; 0.000      ; 1.926      ;
; -1.258 ; data2[44] ; data2[45] ; clk          ; clk         ; 1.000        ; 0.000      ; 1.925      ;
; -1.255 ; data2[10] ; data2[11] ; clk          ; clk         ; 1.000        ; 0.000      ; 1.922      ;
; -1.255 ; data2[11] ; data2[12] ; clk          ; clk         ; 1.000        ; 0.000      ; 1.922      ;
; -1.254 ; data2[17] ; data2[18] ; clk          ; clk         ; 1.000        ; 0.000      ; 1.921      ;
; -1.249 ; data2[41] ; data2[42] ; clk          ; clk         ; 1.000        ; 0.000      ; 1.916      ;
; -1.245 ; data2[18] ; data2[19] ; clk          ; clk         ; 1.000        ; 0.000      ; 1.912      ;
; -1.242 ; data2[0]  ; data2[1]  ; clk          ; clk         ; 1.000        ; 0.000      ; 1.909      ;
; -1.240 ; data2[3]  ; data2[4]  ; clk          ; clk         ; 1.000        ; 0.000      ; 1.907      ;
; -1.239 ; data2[35] ; data2[36] ; clk          ; clk         ; 1.000        ; 0.000      ; 1.906      ;
; -1.239 ; data2[54] ; data2[55] ; clk          ; clk         ; 1.000        ; 0.000      ; 1.906      ;
; -1.239 ; data2[57] ; data2[58] ; clk          ; clk         ; 1.000        ; 0.000      ; 1.906      ;
; -1.236 ; data2[33] ; data2[34] ; clk          ; clk         ; 1.000        ; 0.000      ; 1.903      ;
; -1.236 ; data2[39] ; data2[40] ; clk          ; clk         ; 1.000        ; 0.000      ; 1.903      ;
; -1.234 ; data2[31] ; data2[32] ; clk          ; clk         ; 1.000        ; 0.000      ; 1.901      ;
; -1.233 ; data2[40] ; data2[41] ; clk          ; clk         ; 1.000        ; 0.000      ; 1.900      ;
; -1.231 ; data2[26] ; data2[27] ; clk          ; clk         ; 1.000        ; 0.000      ; 1.898      ;
; -1.231 ; data2[27] ; data2[28] ; clk          ; clk         ; 1.000        ; 0.000      ; 1.898      ;
; -1.229 ; data2[36] ; data2[37] ; clk          ; clk         ; 1.000        ; 0.000      ; 1.896      ;
; -1.229 ; data2[67] ; data2[68] ; clk          ; clk         ; 1.000        ; 0.000      ; 1.896      ;
; -1.228 ; data2[66] ; data2[67] ; clk          ; clk         ; 1.000        ; 0.000      ; 1.895      ;
; -1.224 ; data2[21] ; data2[22] ; clk          ; clk         ; 1.000        ; 0.000      ; 1.891      ;
; -1.224 ; data2[62] ; data2[63] ; clk          ; clk         ; 1.000        ; 0.000      ; 1.891      ;
; -1.220 ; data2[2]  ; data2[3]  ; clk          ; clk         ; 1.000        ; 0.000      ; 1.887      ;
; -1.220 ; data2[22] ; data2[23] ; clk          ; clk         ; 1.000        ; 0.000      ; 1.887      ;
; -1.217 ; data2[5]  ; data2[6]  ; clk          ; clk         ; 1.000        ; 0.000      ; 1.884      ;
; -1.215 ; data2[16] ; data2[17] ; clk          ; clk         ; 1.000        ; 0.000      ; 1.882      ;
; -1.214 ; data2[64] ; data2[65] ; clk          ; clk         ; 1.000        ; 0.000      ; 1.881      ;
; -1.213 ; data2[24] ; data2[25] ; clk          ; clk         ; 1.000        ; 0.000      ; 1.880      ;
; -1.204 ; data2[58] ; data2[59] ; clk          ; clk         ; 1.000        ; 0.000      ; 1.871      ;
; -0.986 ; data2[51] ; data2[52] ; clk          ; clk         ; 1.000        ; 0.000      ; 1.653      ;
; -0.983 ; data2[50] ; data2[51] ; clk          ; clk         ; 1.000        ; 0.000      ; 1.650      ;
; -0.975 ; data2[28] ; data2[29] ; clk          ; clk         ; 1.000        ; 0.000      ; 1.642      ;
; -0.971 ; data2[1]  ; data2[2]  ; clk          ; clk         ; 1.000        ; 0.000      ; 1.638      ;
; -0.968 ; data2[6]  ; data2[7]  ; clk          ; clk         ; 1.000        ; 0.000      ; 1.635      ;
; -0.967 ; data1[50] ; data1[51] ; clk          ; clk         ; 1.000        ; 0.000      ; 1.634      ;
; -0.964 ; data2[70] ; data2[71] ; clk          ; clk         ; 1.000        ; 0.000      ; 1.631      ;
; -0.963 ; data1[1]  ; data1[2]  ; clk          ; clk         ; 1.000        ; 0.000      ; 1.630      ;
; -0.963 ; data2[53] ; data2[54] ; clk          ; clk         ; 1.000        ; 0.000      ; 1.630      ;
; -0.962 ; data1[2]  ; data1[3]  ; clk          ; clk         ; 1.000        ; 0.000      ; 1.629      ;
; -0.962 ; data1[13] ; data1[14] ; clk          ; clk         ; 1.000        ; 0.000      ; 1.629      ;
; -0.962 ; data2[32] ; data2[33] ; clk          ; clk         ; 1.000        ; 0.000      ; 1.629      ;
; -0.961 ; data1[5]  ; data1[6]  ; clk          ; clk         ; 1.000        ; 0.000      ; 1.628      ;
; -0.959 ; data2[7]  ; data2[8]  ; clk          ; clk         ; 1.000        ; 0.000      ; 1.626      ;
; -0.958 ; data1[26] ; data1[27] ; clk          ; clk         ; 1.000        ; 0.000      ; 1.625      ;
; -0.958 ; data2[65] ; data2[66] ; clk          ; clk         ; 1.000        ; 0.000      ; 1.625      ;
; -0.957 ; data2[48] ; data2[49] ; clk          ; clk         ; 1.000        ; 0.000      ; 1.624      ;
; -0.957 ; data1[61] ; data1[62] ; clk          ; clk         ; 1.000        ; 0.000      ; 1.624      ;
; -0.955 ; data1[21] ; data1[22] ; clk          ; clk         ; 1.000        ; 0.000      ; 1.622      ;
; -0.955 ; data2[59] ; data2[60] ; clk          ; clk         ; 1.000        ; 0.000      ; 1.622      ;
; -0.954 ; data1[63] ; data1[64] ; clk          ; clk         ; 1.000        ; 0.000      ; 1.621      ;
; -0.954 ; data1[65] ; data1[66] ; clk          ; clk         ; 1.000        ; 0.000      ; 1.621      ;
; -0.953 ; data1[14] ; data1[15] ; clk          ; clk         ; 1.000        ; 0.000      ; 1.620      ;
+--------+-----------+-----------+--------------+-------------+--------------+------------+------------+


+--------------------------------------------------------------------------------------------------------+
; Setup: 'clk_32k'                                                                                       ;
+--------+------------+------------+--------------+-------------+--------------+------------+------------+
; Slack  ; From Node  ; To Node    ; Launch Clock ; Latch Clock ; Relationship ; Clock Skew ; Data Delay ;
+--------+------------+------------+--------------+-------------+--------------+------------+------------+
; -1.452 ; counter[1] ; counter[1] ; clk_32k      ; clk_32k     ; 1.000        ; 0.000      ; 2.119      ;
; -1.220 ; counter[0] ; counter[1] ; clk_32k      ; clk_32k     ; 1.000        ; 0.000      ; 1.887      ;
; -1.214 ; counter[0] ; counter[0] ; clk_32k      ; clk_32k     ; 1.000        ; 0.000      ; 1.881      ;
+--------+------------+------------+--------------+-------------+--------------+------------+------------+


+-----------------------------------------------------------------------------------------------------+
; Hold: 'clk'                                                                                         ;
+-------+-----------+-----------+--------------+-------------+--------------+------------+------------+
; Slack ; From Node ; To Node   ; Launch Clock ; Latch Clock ; Relationship ; Clock Skew ; Data Delay ;
+-------+-----------+-----------+--------------+-------------+--------------+------------+------------+
; 1.375 ; data2[46] ; data2[47] ; clk          ; clk         ; 0.000        ; 0.000      ; 1.596      ;
; 1.376 ; data1[51] ; data1[52] ; clk          ; clk         ; 0.000        ; 0.000      ; 1.597      ;
; 1.377 ; data1[46] ; data1[47] ; clk          ; clk         ; 0.000        ; 0.000      ; 1.598      ;
; 1.381 ; data2[8]  ; data2[9]  ; clk          ; clk         ; 0.000        ; 0.000      ; 1.602      ;
; 1.381 ; data1[32] ; data1[33] ; clk          ; clk         ; 0.000        ; 0.000      ; 1.602      ;
; 1.385 ; data1[39] ; data1[40] ; clk          ; clk         ; 0.000        ; 0.000      ; 1.606      ;
; 1.385 ; data1[70] ; data1[71] ; clk          ; clk         ; 0.000        ; 0.000      ; 1.606      ;
; 1.386 ; data1[48] ; data1[49] ; clk          ; clk         ; 0.000        ; 0.000      ; 1.607      ;
; 1.387 ; data2[38] ; data2[39] ; clk          ; clk         ; 0.000        ; 0.000      ; 1.608      ;
; 1.387 ; data1[58] ; data1[59] ; clk          ; clk         ; 0.000        ; 0.000      ; 1.608      ;
; 1.388 ; data1[9]  ; data1[10] ; clk          ; clk         ; 0.000        ; 0.000      ; 1.609      ;
; 1.389 ; data1[19] ; data1[20] ; clk          ; clk         ; 0.000        ; 0.000      ; 1.610      ;
; 1.389 ; data1[29] ; data1[30] ; clk          ; clk         ; 0.000        ; 0.000      ; 1.610      ;
; 1.389 ; data2[69] ; data2[70] ; clk          ; clk         ; 0.000        ; 0.000      ; 1.610      ;
; 1.390 ; data1[3]  ; data1[4]  ; clk          ; clk         ; 0.000        ; 0.000      ; 1.611      ;
; 1.390 ; data1[8]  ; data1[9]  ; clk          ; clk         ; 0.000        ; 0.000      ; 1.611      ;
; 1.390 ; data1[10] ; data1[11] ; clk          ; clk         ; 0.000        ; 0.000      ; 1.611      ;
; 1.390 ; data1[37] ; data1[38] ; clk          ; clk         ; 0.000        ; 0.000      ; 1.611      ;
; 1.390 ; data1[55] ; data1[56] ; clk          ; clk         ; 0.000        ; 0.000      ; 1.611      ;
; 1.392 ; data1[18] ; data1[19] ; clk          ; clk         ; 0.000        ; 0.000      ; 1.613      ;
; 1.392 ; data1[35] ; data1[36] ; clk          ; clk         ; 0.000        ; 0.000      ; 1.613      ;
; 1.392 ; data1[40] ; data1[41] ; clk          ; clk         ; 0.000        ; 0.000      ; 1.613      ;
; 1.392 ; data1[43] ; data1[44] ; clk          ; clk         ; 0.000        ; 0.000      ; 1.613      ;
; 1.393 ; data1[0]  ; data1[1]  ; clk          ; clk         ; 0.000        ; 0.000      ; 1.614      ;
; 1.393 ; data1[7]  ; data1[8]  ; clk          ; clk         ; 0.000        ; 0.000      ; 1.614      ;
; 1.393 ; data1[36] ; data1[37] ; clk          ; clk         ; 0.000        ; 0.000      ; 1.614      ;
; 1.393 ; data1[41] ; data1[42] ; clk          ; clk         ; 0.000        ; 0.000      ; 1.614      ;
; 1.393 ; data2[55] ; data2[56] ; clk          ; clk         ; 0.000        ; 0.000      ; 1.614      ;
; 1.393 ; data1[62] ; data1[63] ; clk          ; clk         ; 0.000        ; 0.000      ; 1.614      ;
; 1.394 ; data1[15] ; data1[16] ; clk          ; clk         ; 0.000        ; 0.000      ; 1.615      ;
; 1.395 ; data1[67] ; data1[68] ; clk          ; clk         ; 0.000        ; 0.000      ; 1.616      ;
; 1.396 ; data2[20] ; data2[21] ; clk          ; clk         ; 0.000        ; 0.000      ; 1.617      ;
; 1.396 ; data1[25] ; data1[26] ; clk          ; clk         ; 0.000        ; 0.000      ; 1.617      ;
; 1.396 ; data1[31] ; data1[32] ; clk          ; clk         ; 0.000        ; 0.000      ; 1.617      ;
; 1.397 ; data1[16] ; data1[17] ; clk          ; clk         ; 0.000        ; 0.000      ; 1.618      ;
; 1.397 ; data1[27] ; data1[28] ; clk          ; clk         ; 0.000        ; 0.000      ; 1.618      ;
; 1.397 ; data1[68] ; data1[69] ; clk          ; clk         ; 0.000        ; 0.000      ; 1.618      ;
; 1.398 ; data1[53] ; data1[54] ; clk          ; clk         ; 0.000        ; 0.000      ; 1.619      ;
; 1.398 ; data1[66] ; data1[67] ; clk          ; clk         ; 0.000        ; 0.000      ; 1.619      ;
; 1.399 ; data1[14] ; data1[15] ; clk          ; clk         ; 0.000        ; 0.000      ; 1.620      ;
; 1.399 ; data1[20] ; data1[21] ; clk          ; clk         ; 0.000        ; 0.000      ; 1.620      ;
; 1.399 ; data1[24] ; data1[25] ; clk          ; clk         ; 0.000        ; 0.000      ; 1.620      ;
; 1.399 ; data1[60] ; data1[61] ; clk          ; clk         ; 0.000        ; 0.000      ; 1.620      ;
; 1.400 ; data1[63] ; data1[64] ; clk          ; clk         ; 0.000        ; 0.000      ; 1.621      ;
; 1.400 ; data1[65] ; data1[66] ; clk          ; clk         ; 0.000        ; 0.000      ; 1.621      ;
; 1.401 ; data1[21] ; data1[22] ; clk          ; clk         ; 0.000        ; 0.000      ; 1.622      ;
; 1.401 ; data2[59] ; data2[60] ; clk          ; clk         ; 0.000        ; 0.000      ; 1.622      ;
; 1.403 ; data2[48] ; data2[49] ; clk          ; clk         ; 0.000        ; 0.000      ; 1.624      ;
; 1.403 ; data1[61] ; data1[62] ; clk          ; clk         ; 0.000        ; 0.000      ; 1.624      ;
; 1.404 ; data1[26] ; data1[27] ; clk          ; clk         ; 0.000        ; 0.000      ; 1.625      ;
; 1.404 ; data2[65] ; data2[66] ; clk          ; clk         ; 0.000        ; 0.000      ; 1.625      ;
; 1.405 ; data2[7]  ; data2[8]  ; clk          ; clk         ; 0.000        ; 0.000      ; 1.626      ;
; 1.407 ; data1[5]  ; data1[6]  ; clk          ; clk         ; 0.000        ; 0.000      ; 1.628      ;
; 1.408 ; data1[2]  ; data1[3]  ; clk          ; clk         ; 0.000        ; 0.000      ; 1.629      ;
; 1.408 ; data1[13] ; data1[14] ; clk          ; clk         ; 0.000        ; 0.000      ; 1.629      ;
; 1.408 ; data2[32] ; data2[33] ; clk          ; clk         ; 0.000        ; 0.000      ; 1.629      ;
; 1.409 ; data1[1]  ; data1[2]  ; clk          ; clk         ; 0.000        ; 0.000      ; 1.630      ;
; 1.409 ; data2[53] ; data2[54] ; clk          ; clk         ; 0.000        ; 0.000      ; 1.630      ;
; 1.410 ; data2[70] ; data2[71] ; clk          ; clk         ; 0.000        ; 0.000      ; 1.631      ;
; 1.413 ; data1[50] ; data1[51] ; clk          ; clk         ; 0.000        ; 0.000      ; 1.634      ;
; 1.414 ; data2[6]  ; data2[7]  ; clk          ; clk         ; 0.000        ; 0.000      ; 1.635      ;
; 1.417 ; data2[1]  ; data2[2]  ; clk          ; clk         ; 0.000        ; 0.000      ; 1.638      ;
; 1.421 ; data2[28] ; data2[29] ; clk          ; clk         ; 0.000        ; 0.000      ; 1.642      ;
; 1.429 ; data2[50] ; data2[51] ; clk          ; clk         ; 0.000        ; 0.000      ; 1.650      ;
; 1.432 ; data2[51] ; data2[52] ; clk          ; clk         ; 0.000        ; 0.000      ; 1.653      ;
; 1.650 ; data2[58] ; data2[59] ; clk          ; clk         ; 0.000        ; 0.000      ; 1.871      ;
; 1.659 ; data2[24] ; data2[25] ; clk          ; clk         ; 0.000        ; 0.000      ; 1.880      ;
; 1.660 ; data2[64] ; data2[65] ; clk          ; clk         ; 0.000        ; 0.000      ; 1.881      ;
; 1.661 ; data2[16] ; data2[17] ; clk          ; clk         ; 0.000        ; 0.000      ; 1.882      ;
; 1.663 ; data2[5]  ; data2[6]  ; clk          ; clk         ; 0.000        ; 0.000      ; 1.884      ;
; 1.666 ; data2[2]  ; data2[3]  ; clk          ; clk         ; 0.000        ; 0.000      ; 1.887      ;
; 1.666 ; data2[22] ; data2[23] ; clk          ; clk         ; 0.000        ; 0.000      ; 1.887      ;
; 1.670 ; data2[21] ; data2[22] ; clk          ; clk         ; 0.000        ; 0.000      ; 1.891      ;
; 1.670 ; data2[62] ; data2[63] ; clk          ; clk         ; 0.000        ; 0.000      ; 1.891      ;
; 1.674 ; data2[66] ; data2[67] ; clk          ; clk         ; 0.000        ; 0.000      ; 1.895      ;
; 1.675 ; data2[36] ; data2[37] ; clk          ; clk         ; 0.000        ; 0.000      ; 1.896      ;
; 1.675 ; data2[67] ; data2[68] ; clk          ; clk         ; 0.000        ; 0.000      ; 1.896      ;
; 1.677 ; data2[26] ; data2[27] ; clk          ; clk         ; 0.000        ; 0.000      ; 1.898      ;
; 1.677 ; data2[27] ; data2[28] ; clk          ; clk         ; 0.000        ; 0.000      ; 1.898      ;
; 1.679 ; data2[40] ; data2[41] ; clk          ; clk         ; 0.000        ; 0.000      ; 1.900      ;
; 1.680 ; data2[31] ; data2[32] ; clk          ; clk         ; 0.000        ; 0.000      ; 1.901      ;
; 1.682 ; data2[33] ; data2[34] ; clk          ; clk         ; 0.000        ; 0.000      ; 1.903      ;
; 1.682 ; data2[39] ; data2[40] ; clk          ; clk         ; 0.000        ; 0.000      ; 1.903      ;
; 1.685 ; data2[35] ; data2[36] ; clk          ; clk         ; 0.000        ; 0.000      ; 1.906      ;
; 1.685 ; data2[54] ; data2[55] ; clk          ; clk         ; 0.000        ; 0.000      ; 1.906      ;
; 1.685 ; data2[57] ; data2[58] ; clk          ; clk         ; 0.000        ; 0.000      ; 1.906      ;
; 1.686 ; data2[3]  ; data2[4]  ; clk          ; clk         ; 0.000        ; 0.000      ; 1.907      ;
; 1.688 ; data2[0]  ; data2[1]  ; clk          ; clk         ; 0.000        ; 0.000      ; 1.909      ;
; 1.691 ; data2[18] ; data2[19] ; clk          ; clk         ; 0.000        ; 0.000      ; 1.912      ;
; 1.695 ; data2[41] ; data2[42] ; clk          ; clk         ; 0.000        ; 0.000      ; 1.916      ;
; 1.700 ; data2[17] ; data2[18] ; clk          ; clk         ; 0.000        ; 0.000      ; 1.921      ;
; 1.701 ; data2[10] ; data2[11] ; clk          ; clk         ; 0.000        ; 0.000      ; 1.922      ;
; 1.701 ; data2[11] ; data2[12] ; clk          ; clk         ; 0.000        ; 0.000      ; 1.922      ;
; 1.704 ; data2[44] ; data2[45] ; clk          ; clk         ; 0.000        ; 0.000      ; 1.925      ;
; 1.705 ; data2[12] ; data2[13] ; clk          ; clk         ; 0.000        ; 0.000      ; 1.926      ;
; 1.709 ; data2[43] ; data2[44] ; clk          ; clk         ; 0.000        ; 0.000      ; 1.930      ;
; 1.734 ; data2[61] ; data2[62] ; clk          ; clk         ; 0.000        ; 0.000      ; 1.955      ;
; 1.762 ; data1[54] ; data1[55] ; clk          ; clk         ; 0.000        ; 0.000      ; 1.983      ;
; 1.763 ; data1[44] ; data1[45] ; clk          ; clk         ; 0.000        ; 0.000      ; 1.984      ;
; 1.767 ; data2[37] ; data2[38] ; clk          ; clk         ; 0.000        ; 0.000      ; 1.988      ;
+-------+-----------+-----------+--------------+-------------+--------------+------------+------------+


+-------------------------------------------------------------------------------------------------------+
; Hold: 'clk_32k'                                                                                       ;
+-------+------------+------------+--------------+-------------+--------------+------------+------------+
; Slack ; From Node  ; To Node    ; Launch Clock ; Latch Clock ; Relationship ; Clock Skew ; Data Delay ;
+-------+------------+------------+--------------+-------------+--------------+------------+------------+
; 1.660 ; counter[0] ; counter[0] ; clk_32k      ; clk_32k     ; 0.000        ; 0.000      ; 1.881      ;
; 1.666 ; counter[0] ; counter[1] ; clk_32k      ; clk_32k     ; 0.000        ; 0.000      ; 1.887      ;
; 1.898 ; counter[1] ; counter[1] ; clk_32k      ; clk_32k     ; 0.000        ; 0.000      ; 2.119      ;
+-------+------------+------------+--------------+-------------+--------------+------------+------------+


+--------------------------------------------------------------------------------------------+
; Minimum Pulse Width: 'clk'                                                                 ;
+--------+--------------+----------------+------------------+-------+------------+-----------+
; Slack  ; Actual Width ; Required Width ; Type             ; Clock ; Clock Edge ; Target    ;
+--------+--------------+----------------+------------------+-------+------------+-----------+
; -2.289 ; 1.000        ; 3.289          ; Port Rate        ; clk   ; Rise       ; clk       ;
; 0.234  ; 0.500        ; 0.266          ; High Pulse Width ; clk   ; Rise       ; data1[0]  ;
; 0.234  ; 0.500        ; 0.266          ; Low Pulse Width  ; clk   ; Rise       ; data1[0]  ;
; 0.234  ; 0.500        ; 0.266          ; High Pulse Width ; clk   ; Rise       ; data1[10] ;
; 0.234  ; 0.500        ; 0.266          ; Low Pulse Width  ; clk   ; Rise       ; data1[10] ;
; 0.234  ; 0.500        ; 0.266          ; High Pulse Width ; clk   ; Rise       ; data1[11] ;
; 0.234  ; 0.500        ; 0.266          ; Low Pulse Width  ; clk   ; Rise       ; data1[11] ;
; 0.234  ; 0.500        ; 0.266          ; High Pulse Width ; clk   ; Rise       ; data1[12] ;
; 0.234  ; 0.500        ; 0.266          ; Low Pulse Width  ; clk   ; Rise       ; data1[12] ;
; 0.234  ; 0.500        ; 0.266          ; High Pulse Width ; clk   ; Rise       ; data1[13] ;
; 0.234  ; 0.500        ; 0.266          ; Low Pulse Width  ; clk   ; Rise       ; data1[13] ;
; 0.234  ; 0.500        ; 0.266          ; High Pulse Width ; clk   ; Rise       ; data1[14] ;
; 0.234  ; 0.500        ; 0.266          ; Low Pulse Width  ; clk   ; Rise       ; data1[14] ;
; 0.234  ; 0.500        ; 0.266          ; High Pulse Width ; clk   ; Rise       ; data1[15] ;
; 0.234  ; 0.500        ; 0.266          ; Low Pulse Width  ; clk   ; Rise       ; data1[15] ;
; 0.234  ; 0.500        ; 0.266          ; High Pulse Width ; clk   ; Rise       ; data1[16] ;
; 0.234  ; 0.500        ; 0.266          ; Low Pulse Width  ; clk   ; Rise       ; data1[16] ;
; 0.234  ; 0.500        ; 0.266          ; High Pulse Width ; clk   ; Rise       ; data1[17] ;
; 0.234  ; 0.500        ; 0.266          ; Low Pulse Width  ; clk   ; Rise       ; data1[17] ;
; 0.234  ; 0.500        ; 0.266          ; High Pulse Width ; clk   ; Rise       ; data1[18] ;
; 0.234  ; 0.500        ; 0.266          ; Low Pulse Width  ; clk   ; Rise       ; data1[18] ;
; 0.234  ; 0.500        ; 0.266          ; High Pulse Width ; clk   ; Rise       ; data1[19] ;
; 0.234  ; 0.500        ; 0.266          ; Low Pulse Width  ; clk   ; Rise       ; data1[19] ;
; 0.234  ; 0.500        ; 0.266          ; High Pulse Width ; clk   ; Rise       ; data1[1]  ;
; 0.234  ; 0.500        ; 0.266          ; Low Pulse Width  ; clk   ; Rise       ; data1[1]  ;
; 0.234  ; 0.500        ; 0.266          ; High Pulse Width ; clk   ; Rise       ; data1[20] ;
; 0.234  ; 0.500        ; 0.266          ; Low Pulse Width  ; clk   ; Rise       ; data1[20] ;
; 0.234  ; 0.500        ; 0.266          ; High Pulse Width ; clk   ; Rise       ; data1[21] ;
; 0.234  ; 0.500        ; 0.266          ; Low Pulse Width  ; clk   ; Rise       ; data1[21] ;
; 0.234  ; 0.500        ; 0.266          ; High Pulse Width ; clk   ; Rise       ; data1[22] ;
; 0.234  ; 0.500        ; 0.266          ; Low Pulse Width  ; clk   ; Rise       ; data1[22] ;
; 0.234  ; 0.500        ; 0.266          ; High Pulse Width ; clk   ; Rise       ; data1[23] ;
; 0.234  ; 0.500        ; 0.266          ; Low Pulse Width  ; clk   ; Rise       ; data1[23] ;
; 0.234  ; 0.500        ; 0.266          ; High Pulse Width ; clk   ; Rise       ; data1[24] ;
; 0.234  ; 0.500        ; 0.266          ; Low Pulse Width  ; clk   ; Rise       ; data1[24] ;
; 0.234  ; 0.500        ; 0.266          ; High Pulse Width ; clk   ; Rise       ; data1[25] ;
; 0.234  ; 0.500        ; 0.266          ; Low Pulse Width  ; clk   ; Rise       ; data1[25] ;
; 0.234  ; 0.500        ; 0.266          ; High Pulse Width ; clk   ; Rise       ; data1[26] ;
; 0.234  ; 0.500        ; 0.266          ; Low Pulse Width  ; clk   ; Rise       ; data1[26] ;
; 0.234  ; 0.500        ; 0.266          ; High Pulse Width ; clk   ; Rise       ; data1[27] ;
; 0.234  ; 0.500        ; 0.266          ; Low Pulse Width  ; clk   ; Rise       ; data1[27] ;
; 0.234  ; 0.500        ; 0.266          ; High Pulse Width ; clk   ; Rise       ; data1[28] ;
; 0.234  ; 0.500        ; 0.266          ; Low Pulse Width  ; clk   ; Rise       ; data1[28] ;
; 0.234  ; 0.500        ; 0.266          ; High Pulse Width ; clk   ; Rise       ; data1[29] ;
; 0.234  ; 0.500        ; 0.266          ; Low Pulse Width  ; clk   ; Rise       ; data1[29] ;
; 0.234  ; 0.500        ; 0.266          ; High Pulse Width ; clk   ; Rise       ; data1[2]  ;
; 0.234  ; 0.500        ; 0.266          ; Low Pulse Width  ; clk   ; Rise       ; data1[2]  ;
; 0.234  ; 0.500        ; 0.266          ; High Pulse Width ; clk   ; Rise       ; data1[30] ;
; 0.234  ; 0.500        ; 0.266          ; Low Pulse Width  ; clk   ; Rise       ; data1[30] ;
; 0.234  ; 0.500        ; 0.266          ; High Pulse Width ; clk   ; Rise       ; data1[31] ;
; 0.234  ; 0.500        ; 0.266          ; Low Pulse Width  ; clk   ; Rise       ; data1[31] ;
; 0.234  ; 0.500        ; 0.266          ; High Pulse Width ; clk   ; Rise       ; data1[32] ;
; 0.234  ; 0.500        ; 0.266          ; Low Pulse Width  ; clk   ; Rise       ; data1[32] ;
; 0.234  ; 0.500        ; 0.266          ; High Pulse Width ; clk   ; Rise       ; data1[33] ;
; 0.234  ; 0.500        ; 0.266          ; Low Pulse Width  ; clk   ; Rise       ; data1[33] ;
; 0.234  ; 0.500        ; 0.266          ; High Pulse Width ; clk   ; Rise       ; data1[34] ;
; 0.234  ; 0.500        ; 0.266          ; Low Pulse Width  ; clk   ; Rise       ; data1[34] ;
; 0.234  ; 0.500        ; 0.266          ; High Pulse Width ; clk   ; Rise       ; data1[35] ;
; 0.234  ; 0.500        ; 0.266          ; Low Pulse Width  ; clk   ; Rise       ; data1[35] ;
; 0.234  ; 0.500        ; 0.266          ; High Pulse Width ; clk   ; Rise       ; data1[36] ;
; 0.234  ; 0.500        ; 0.266          ; Low Pulse Width  ; clk   ; Rise       ; data1[36] ;
; 0.234  ; 0.500        ; 0.266          ; High Pulse Width ; clk   ; Rise       ; data1[37] ;
; 0.234  ; 0.500        ; 0.266          ; Low Pulse Width  ; clk   ; Rise       ; data1[37] ;
; 0.234  ; 0.500        ; 0.266          ; High Pulse Width ; clk   ; Rise       ; data1[38] ;
; 0.234  ; 0.500        ; 0.266          ; Low Pulse Width  ; clk   ; Rise       ; data1[38] ;
; 0.234  ; 0.500        ; 0.266          ; High Pulse Width ; clk   ; Rise       ; data1[39] ;
; 0.234  ; 0.500        ; 0.266          ; Low Pulse Width  ; clk   ; Rise       ; data1[39] ;
; 0.234  ; 0.500        ; 0.266          ; High Pulse Width ; clk   ; Rise       ; data1[3]  ;
; 0.234  ; 0.500        ; 0.266          ; Low Pulse Width  ; clk   ; Rise       ; data1[3]  ;
; 0.234  ; 0.500        ; 0.266          ; High Pulse Width ; clk   ; Rise       ; data1[40] ;
; 0.234  ; 0.500        ; 0.266          ; Low Pulse Width  ; clk   ; Rise       ; data1[40] ;
; 0.234  ; 0.500        ; 0.266          ; High Pulse Width ; clk   ; Rise       ; data1[41] ;
; 0.234  ; 0.500        ; 0.266          ; Low Pulse Width  ; clk   ; Rise       ; data1[41] ;
; 0.234  ; 0.500        ; 0.266          ; High Pulse Width ; clk   ; Rise       ; data1[42] ;
; 0.234  ; 0.500        ; 0.266          ; Low Pulse Width  ; clk   ; Rise       ; data1[42] ;
; 0.234  ; 0.500        ; 0.266          ; High Pulse Width ; clk   ; Rise       ; data1[43] ;
; 0.234  ; 0.500        ; 0.266          ; Low Pulse Width  ; clk   ; Rise       ; data1[43] ;
; 0.234  ; 0.500        ; 0.266          ; High Pulse Width ; clk   ; Rise       ; data1[44] ;
; 0.234  ; 0.500        ; 0.266          ; Low Pulse Width  ; clk   ; Rise       ; data1[44] ;
; 0.234  ; 0.500        ; 0.266          ; High Pulse Width ; clk   ; Rise       ; data1[45] ;
; 0.234  ; 0.500        ; 0.266          ; Low Pulse Width  ; clk   ; Rise       ; data1[45] ;
; 0.234  ; 0.500        ; 0.266          ; High Pulse Width ; clk   ; Rise       ; data1[46] ;
; 0.234  ; 0.500        ; 0.266          ; Low Pulse Width  ; clk   ; Rise       ; data1[46] ;
; 0.234  ; 0.500        ; 0.266          ; High Pulse Width ; clk   ; Rise       ; data1[47] ;
; 0.234  ; 0.500        ; 0.266          ; Low Pulse Width  ; clk   ; Rise       ; data1[47] ;
; 0.234  ; 0.500        ; 0.266          ; High Pulse Width ; clk   ; Rise       ; data1[48] ;
; 0.234  ; 0.500        ; 0.266          ; Low Pulse Width  ; clk   ; Rise       ; data1[48] ;
; 0.234  ; 0.500        ; 0.266          ; High Pulse Width ; clk   ; Rise       ; data1[49] ;
; 0.234  ; 0.500        ; 0.266          ; Low Pulse Width  ; clk   ; Rise       ; data1[49] ;
; 0.234  ; 0.500        ; 0.266          ; High Pulse Width ; clk   ; Rise       ; data1[4]  ;
; 0.234  ; 0.500        ; 0.266          ; Low Pulse Width  ; clk   ; Rise       ; data1[4]  ;
; 0.234  ; 0.500        ; 0.266          ; High Pulse Width ; clk   ; Rise       ; data1[50] ;
; 0.234  ; 0.500        ; 0.266          ; Low Pulse Width  ; clk   ; Rise       ; data1[50] ;
; 0.234  ; 0.500        ; 0.266          ; High Pulse Width ; clk   ; Rise       ; data1[51] ;
; 0.234  ; 0.500        ; 0.266          ; Low Pulse Width  ; clk   ; Rise       ; data1[51] ;
; 0.234  ; 0.500        ; 0.266          ; High Pulse Width ; clk   ; Rise       ; data1[52] ;
; 0.234  ; 0.500        ; 0.266          ; Low Pulse Width  ; clk   ; Rise       ; data1[52] ;
; 0.234  ; 0.500        ; 0.266          ; High Pulse Width ; clk   ; Rise       ; data1[53] ;
; 0.234  ; 0.500        ; 0.266          ; Low Pulse Width  ; clk   ; Rise       ; data1[53] ;
; 0.234  ; 0.500        ; 0.266          ; High Pulse Width ; clk   ; Rise       ; data1[54] ;
+--------+--------------+----------------+------------------+-------+------------+-----------+


+----------------------------------------------------------------------------------------------------+
; Minimum Pulse Width: 'clk_32k'                                                                     ;
+--------+--------------+----------------+------------------+---------+------------+-----------------+
; Slack  ; Actual Width ; Required Width ; Type             ; Clock   ; Clock Edge ; Target          ;
+--------+--------------+----------------+------------------+---------+------------+-----------------+
; -2.289 ; 1.000        ; 3.289          ; Port Rate        ; clk_32k ; Rise       ; clk_32k         ;
; 0.234  ; 0.500        ; 0.266          ; High Pulse Width ; clk_32k ; Rise       ; counter[0]      ;
; 0.234  ; 0.500        ; 0.266          ; Low Pulse Width  ; clk_32k ; Rise       ; counter[0]      ;
; 0.234  ; 0.500        ; 0.266          ; High Pulse Width ; clk_32k ; Rise       ; counter[1]      ;
; 0.234  ; 0.500        ; 0.266          ; Low Pulse Width  ; clk_32k ; Rise       ; counter[1]      ;
; 0.500  ; 0.500        ; 0.000          ; High Pulse Width ; clk_32k ; Rise       ; clk_32k|combout ;
; 0.500  ; 0.500        ; 0.000          ; Low Pulse Width  ; clk_32k ; Rise       ; clk_32k|combout ;
; 0.500  ; 0.500        ; 0.000          ; High Pulse Width ; clk_32k ; Rise       ; counter[0]|clk  ;
; 0.500  ; 0.500        ; 0.000          ; Low Pulse Width  ; clk_32k ; Rise       ; counter[0]|clk  ;
; 0.500  ; 0.500        ; 0.000          ; High Pulse Width ; clk_32k ; Rise       ; counter[1]|clk  ;
; 0.500  ; 0.500        ; 0.000          ; Low Pulse Width  ; clk_32k ; Rise       ; counter[1]|clk  ;
+--------+--------------+----------------+------------------+---------+------------+-----------------+


+-----------------------------------------------------------------------+
; Setup Times                                                           ;
+-----------+------------+-------+-------+------------+-----------------+
; Data Port ; Clock Port ; Rise  ; Fall  ; Clock Edge ; Clock Reference ;
+-----------+------------+-------+-------+------------+-----------------+
; data      ; clk        ; 4.036 ; 4.036 ; Rise       ; clk             ;
; sel       ; clk        ; 5.020 ; 5.020 ; Rise       ; clk             ;
+-----------+------------+-------+-------+------------+-----------------+


+-------------------------------------------------------------------------+
; Hold Times                                                              ;
+-----------+------------+--------+--------+------------+-----------------+
; Data Port ; Clock Port ; Rise   ; Fall   ; Clock Edge ; Clock Reference ;
+-----------+------------+--------+--------+------------+-----------------+
; data      ; clk        ; -3.477 ; -3.477 ; Rise       ; clk             ;
; sel       ; clk        ; -3.198 ; -3.198 ; Rise       ; clk             ;
+-----------+------------+--------+--------+------------+-----------------+


+-------------------------------------------------------------------------+
; Clock to Output Times                                                   ;
+-----------+------------+--------+--------+------------+-----------------+
; Data Port ; Clock Port ; Rise   ; Fall   ; Clock Edge ; Clock Reference ;
+-----------+------------+--------+--------+------------+-----------------+
; out[*]    ; clk        ; 11.166 ; 11.166 ; Rise       ; clk             ;
;  out[0]   ; clk        ; 8.973  ; 8.973  ; Rise       ; clk             ;
;  out[1]   ; clk        ; 9.657  ; 9.657  ; Rise       ; clk             ;
;  out[2]   ; clk        ; 8.937  ; 8.937  ; Rise       ; clk             ;
;  out[3]   ; clk        ; 8.975  ; 8.975  ; Rise       ; clk             ;
;  out[4]   ; clk        ; 9.072  ; 9.072  ; Rise       ; clk             ;
;  out[5]   ; clk        ; 9.460  ; 9.460  ; Rise       ; clk             ;
;  out[6]   ; clk        ; 10.308 ; 10.308 ; Rise       ; clk             ;
;  out[7]   ; clk        ; 9.751  ; 9.751  ; Rise       ; clk             ;
;  out[8]   ; clk        ; 9.993  ; 9.993  ; Rise       ; clk             ;
;  out[9]   ; clk        ; 10.349 ; 10.349 ; Rise       ; clk             ;
;  out[10]  ; clk        ; 8.902  ; 8.902  ; Rise       ; clk             ;
;  out[11]  ; clk        ; 7.805  ; 7.805  ; Rise       ; clk             ;
;  out[12]  ; clk        ; 9.555  ; 9.555  ; Rise       ; clk             ;
;  out[13]  ; clk        ; 10.363 ; 10.363 ; Rise       ; clk             ;
;  out[14]  ; clk        ; 10.047 ; 10.047 ; Rise       ; clk             ;
;  out[15]  ; clk        ; 10.462 ; 10.462 ; Rise       ; clk             ;
;  out[16]  ; clk        ; 9.058  ; 9.058  ; Rise       ; clk             ;
;  out[17]  ; clk        ; 9.129  ; 9.129  ; Rise       ; clk             ;
;  out[18]  ; clk        ; 9.821  ; 9.821  ; Rise       ; clk             ;
;  out[19]  ; clk        ; 10.145 ; 10.145 ; Rise       ; clk             ;
;  out[20]  ; clk        ; 9.431  ; 9.431  ; Rise       ; clk             ;
;  out[21]  ; clk        ; 8.863  ; 8.863  ; Rise       ; clk             ;
;  out[22]  ; clk        ; 7.771  ; 7.771  ; Rise       ; clk             ;
;  out[23]  ; clk        ; 10.394 ; 10.394 ; Rise       ; clk             ;
;  out[24]  ; clk        ; 8.988  ; 8.988  ; Rise       ; clk             ;
;  out[25]  ; clk        ; 10.830 ; 10.830 ; Rise       ; clk             ;
;  out[26]  ; clk        ; 8.991  ; 8.991  ; Rise       ; clk             ;
;  out[27]  ; clk        ; 10.123 ; 10.123 ; Rise       ; clk             ;
;  out[28]  ; clk        ; 9.657  ; 9.657  ; Rise       ; clk             ;
;  out[29]  ; clk        ; 11.133 ; 11.133 ; Rise       ; clk             ;
;  out[30]  ; clk        ; 10.845 ; 10.845 ; Rise       ; clk             ;
;  out[31]  ; clk        ; 9.583  ; 9.583  ; Rise       ; clk             ;
;  out[32]  ; clk        ; 9.847  ; 9.847  ; Rise       ; clk             ;
;  out[33]  ; clk        ; 10.326 ; 10.326 ; Rise       ; clk             ;
;  out[34]  ; clk        ; 10.587 ; 10.587 ; Rise       ; clk             ;
;  out[35]  ; clk        ; 9.765  ; 9.765  ; Rise       ; clk             ;
;  out[36]  ; clk        ; 8.946  ; 8.946  ; Rise       ; clk             ;
;  out[37]  ; clk        ; 9.616  ; 9.616  ; Rise       ; clk             ;
;  out[38]  ; clk        ; 11.166 ; 11.166 ; Rise       ; clk             ;
;  out[39]  ; clk        ; 9.635  ; 9.635  ; Rise       ; clk             ;
;  out[40]  ; clk        ; 8.967  ; 8.967  ; Rise       ; clk             ;
;  out[41]  ; clk        ; 9.099  ; 9.099  ; Rise       ; clk             ;
;  out[42]  ; clk        ; 10.775 ; 10.775 ; Rise       ; clk             ;
;  out[43]  ; clk        ; 8.900  ; 8.900  ; Rise       ; clk             ;
;  out[44]  ; clk        ; 9.029  ; 9.029  ; Rise       ; clk             ;
;  out[45]  ; clk        ; 9.896  ; 9.896  ; Rise       ; clk             ;
;  out[46]  ; clk        ; 10.003 ; 10.003 ; Rise       ; clk             ;
;  out[47]  ; clk        ; 9.277  ; 9.277  ; Rise       ; clk             ;
;  out[48]  ; clk        ; 10.003 ; 10.003 ; Rise       ; clk             ;
;  out[49]  ; clk        ; 9.518  ; 9.518  ; Rise       ; clk             ;
;  out[50]  ; clk        ; 8.499  ; 8.499  ; Rise       ; clk             ;
;  out[51]  ; clk        ; 8.490  ; 8.490  ; Rise       ; clk             ;
;  out[52]  ; clk        ; 10.041 ; 10.041 ; Rise       ; clk             ;
;  out[53]  ; clk        ; 9.642  ; 9.642  ; Rise       ; clk             ;
;  out[54]  ; clk        ; 8.957  ; 8.957  ; Rise       ; clk             ;
;  out[55]  ; clk        ; 9.466  ; 9.466  ; Rise       ; clk             ;
;  out[56]  ; clk        ; 9.997  ; 9.997  ; Rise       ; clk             ;
;  out[57]  ; clk        ; 9.654  ; 9.654  ; Rise       ; clk             ;
;  out[58]  ; clk        ; 8.702  ; 8.702  ; Rise       ; clk             ;
;  out[59]  ; clk        ; 9.390  ; 9.390  ; Rise       ; clk             ;
;  out[60]  ; clk        ; 10.693 ; 10.693 ; Rise       ; clk             ;
;  out[61]  ; clk        ; 9.704  ; 9.704  ; Rise       ; clk             ;
;  out[62]  ; clk        ; 9.738  ; 9.738  ; Rise       ; clk             ;
;  out[63]  ; clk        ; 9.956  ; 9.956  ; Rise       ; clk             ;
;  out[64]  ; clk        ; 10.936 ; 10.936 ; Rise       ; clk             ;
;  out[65]  ; clk        ; 9.849  ; 9.849  ; Rise       ; clk             ;
;  out[66]  ; clk        ; 9.685  ; 9.685  ; Rise       ; clk             ;
;  out[67]  ; clk        ; 9.181  ; 9.181  ; Rise       ; clk             ;
;  out[68]  ; clk        ; 9.571  ; 9.571  ; Rise       ; clk             ;
;  out[69]  ; clk        ; 8.171  ; 8.171  ; Rise       ; clk             ;
;  out[70]  ; clk        ; 9.629  ; 9.629  ; Rise       ; clk             ;
;  out[71]  ; clk        ; 9.606  ; 9.606  ; Rise       ; clk             ;
; neon_pwm  ; clk_32k    ; 8.301  ; 8.301  ; Rise       ; clk_32k         ;
+-----------+------------+--------+--------+------------+-----------------+


+-----------------------------------------------------------------------+
; Minimum Clock to Output Times                                         ;
+-----------+------------+-------+-------+------------+-----------------+
; Data Port ; Clock Port ; Rise  ; Fall  ; Clock Edge ; Clock Reference ;
+-----------+------------+-------+-------+------------+-----------------+
; out[*]    ; clk        ; 7.246 ; 7.246 ; Rise       ; clk             ;
;  out[0]   ; clk        ; 8.421 ; 8.421 ; Rise       ; clk             ;
;  out[1]   ; clk        ; 8.427 ; 8.427 ; Rise       ; clk             ;
;  out[2]   ; clk        ; 8.414 ; 8.414 ; Rise       ; clk             ;
;  out[3]   ; clk        ; 8.421 ; 8.421 ; Rise       ; clk             ;
;  out[4]   ; clk        ; 8.536 ; 8.536 ; Rise       ; clk             ;
;  out[5]   ; clk        ; 8.938 ; 8.938 ; Rise       ; clk             ;
;  out[6]   ; clk        ; 9.075 ; 9.075 ; Rise       ; clk             ;
;  out[7]   ; clk        ; 8.330 ; 8.330 ; Rise       ; clk             ;
;  out[8]   ; clk        ; 8.466 ; 8.466 ; Rise       ; clk             ;
;  out[9]   ; clk        ; 8.350 ; 8.350 ; Rise       ; clk             ;
;  out[10]  ; clk        ; 8.340 ; 8.340 ; Rise       ; clk             ;
;  out[11]  ; clk        ; 7.247 ; 7.247 ; Rise       ; clk             ;
;  out[12]  ; clk        ; 8.993 ; 8.993 ; Rise       ; clk             ;
;  out[13]  ; clk        ; 8.866 ; 8.866 ; Rise       ; clk             ;
;  out[14]  ; clk        ; 8.977 ; 8.977 ; Rise       ; clk             ;
;  out[15]  ; clk        ; 8.880 ; 8.880 ; Rise       ; clk             ;
;  out[16]  ; clk        ; 8.532 ; 8.532 ; Rise       ; clk             ;
;  out[17]  ; clk        ; 8.571 ; 8.571 ; Rise       ; clk             ;
;  out[18]  ; clk        ; 8.415 ; 8.415 ; Rise       ; clk             ;
;  out[19]  ; clk        ; 8.509 ; 8.509 ; Rise       ; clk             ;
;  out[20]  ; clk        ; 8.520 ; 8.520 ; Rise       ; clk             ;
;  out[21]  ; clk        ; 8.334 ; 8.334 ; Rise       ; clk             ;
;  out[22]  ; clk        ; 7.247 ; 7.247 ; Rise       ; clk             ;
;  out[23]  ; clk        ; 8.359 ; 8.359 ; Rise       ; clk             ;
;  out[24]  ; clk        ; 7.246 ; 7.246 ; Rise       ; clk             ;
;  out[25]  ; clk        ; 8.560 ; 8.560 ; Rise       ; clk             ;
;  out[26]  ; clk        ; 8.447 ; 8.447 ; Rise       ; clk             ;
;  out[27]  ; clk        ; 9.577 ; 9.577 ; Rise       ; clk             ;
;  out[28]  ; clk        ; 8.574 ; 8.574 ; Rise       ; clk             ;
;  out[29]  ; clk        ; 8.862 ; 8.862 ; Rise       ; clk             ;
;  out[30]  ; clk        ; 9.254 ; 9.254 ; Rise       ; clk             ;
;  out[31]  ; clk        ; 8.499 ; 8.499 ; Rise       ; clk             ;
;  out[32]  ; clk        ; 8.620 ; 8.620 ; Rise       ; clk             ;
;  out[33]  ; clk        ; 9.782 ; 9.782 ; Rise       ; clk             ;
;  out[34]  ; clk        ; 7.247 ; 7.247 ; Rise       ; clk             ;
;  out[35]  ; clk        ; 8.534 ; 8.534 ; Rise       ; clk             ;
;  out[36]  ; clk        ; 8.419 ; 8.419 ; Rise       ; clk             ;
;  out[37]  ; clk        ; 8.559 ; 8.559 ; Rise       ; clk             ;
;  out[38]  ; clk        ; 9.091 ; 9.091 ; Rise       ; clk             ;
;  out[39]  ; clk        ; 8.558 ; 8.558 ; Rise       ; clk             ;
;  out[40]  ; clk        ; 8.422 ; 8.422 ; Rise       ; clk             ;
;  out[41]  ; clk        ; 8.543 ; 8.543 ; Rise       ; clk             ;
;  out[42]  ; clk        ; 9.168 ; 9.168 ; Rise       ; clk             ;
;  out[43]  ; clk        ; 8.330 ; 8.330 ; Rise       ; clk             ;
;  out[44]  ; clk        ; 8.460 ; 8.460 ; Rise       ; clk             ;
;  out[45]  ; clk        ; 8.469 ; 8.469 ; Rise       ; clk             ;
;  out[46]  ; clk        ; 8.337 ; 8.337 ; Rise       ; clk             ;
;  out[47]  ; clk        ; 8.336 ; 8.336 ; Rise       ; clk             ;
;  out[48]  ; clk        ; 8.932 ; 8.932 ; Rise       ; clk             ;
;  out[49]  ; clk        ; 8.605 ; 8.605 ; Rise       ; clk             ;
;  out[50]  ; clk        ; 7.253 ; 7.253 ; Rise       ; clk             ;
;  out[51]  ; clk        ; 7.247 ; 7.247 ; Rise       ; clk             ;
;  out[52]  ; clk        ; 9.000 ; 9.000 ; Rise       ; clk             ;
;  out[53]  ; clk        ; 8.414 ; 8.414 ; Rise       ; clk             ;
;  out[54]  ; clk        ; 8.420 ; 8.420 ; Rise       ; clk             ;
;  out[55]  ; clk        ; 8.558 ; 8.558 ; Rise       ; clk             ;
;  out[56]  ; clk        ; 9.084 ; 9.084 ; Rise       ; clk             ;
;  out[57]  ; clk        ; 9.103 ; 9.103 ; Rise       ; clk             ;
;  out[58]  ; clk        ; 7.280 ; 7.280 ; Rise       ; clk             ;
;  out[59]  ; clk        ; 7.293 ; 7.293 ; Rise       ; clk             ;
;  out[60]  ; clk        ; 8.700 ; 8.700 ; Rise       ; clk             ;
;  out[61]  ; clk        ; 9.121 ; 9.121 ; Rise       ; clk             ;
;  out[62]  ; clk        ; 9.210 ; 9.210 ; Rise       ; clk             ;
;  out[63]  ; clk        ; 8.895 ; 8.895 ; Rise       ; clk             ;
;  out[64]  ; clk        ; 8.891 ; 8.891 ; Rise       ; clk             ;
;  out[65]  ; clk        ; 8.773 ; 8.773 ; Rise       ; clk             ;
;  out[66]  ; clk        ; 8.617 ; 8.617 ; Rise       ; clk             ;
;  out[67]  ; clk        ; 8.654 ; 8.654 ; Rise       ; clk             ;
;  out[68]  ; clk        ; 8.508 ; 8.508 ; Rise       ; clk             ;
;  out[69]  ; clk        ; 7.281 ; 7.281 ; Rise       ; clk             ;
;  out[70]  ; clk        ; 8.563 ; 8.563 ; Rise       ; clk             ;
;  out[71]  ; clk        ; 9.091 ; 9.091 ; Rise       ; clk             ;
; neon_pwm  ; clk_32k    ; 8.301 ; 8.301 ; Rise       ; clk_32k         ;
+-----------+------------+-------+-------+------------+-----------------+


+------------------------------------------------------+
; Propagation Delay                                    ;
+------------+-------------+--------+----+----+--------+
; Input Port ; Output Port ; RR     ; RF ; FR ; FF     ;
+------------+-------------+--------+----+----+--------+
; en         ; out[0]      ; 12.432 ;    ;    ; 12.432 ;
; en         ; out[1]      ; 12.449 ;    ;    ; 12.449 ;
; en         ; out[2]      ; 12.429 ;    ;    ; 12.429 ;
; en         ; out[3]      ; 12.442 ;    ;    ; 12.442 ;
; en         ; out[4]      ; 12.548 ;    ;    ; 12.548 ;
; en         ; out[5]      ; 13.014 ;    ;    ; 13.014 ;
; en         ; out[6]      ; 12.959 ;    ;    ; 12.959 ;
; en         ; out[7]      ; 11.112 ;    ;    ; 11.112 ;
; en         ; out[8]      ; 11.231 ;    ;    ; 11.231 ;
; en         ; out[9]      ; 10.586 ;    ;    ; 10.586 ;
; en         ; out[10]     ; 11.108 ;    ;    ; 11.108 ;
; en         ; out[11]     ; 10.026 ;    ;    ; 10.026 ;
; en         ; out[12]     ; 11.764 ;    ;    ; 11.764 ;
; en         ; out[13]     ; 11.757 ;    ;    ; 11.757 ;
; en         ; out[14]     ; 11.798 ;    ;    ; 11.798 ;
; en         ; out[15]     ; 11.753 ;    ;    ; 11.753 ;
; en         ; out[16]     ; 11.345 ;    ;    ; 11.345 ;
; en         ; out[17]     ; 11.454 ;    ;    ; 11.454 ;
; en         ; out[18]     ; 11.754 ;    ;    ; 11.754 ;
; en         ; out[19]     ; 11.848 ;    ;    ; 11.848 ;
; en         ; out[20]     ; 11.876 ;    ;    ; 11.876 ;
; en         ; out[21]     ; 11.683 ;    ;    ; 11.683 ;
; en         ; out[22]     ; 10.584 ;    ;    ; 10.584 ;
; en         ; out[23]     ; 11.027 ;    ;    ; 11.027 ;
; en         ; out[24]     ; 10.418 ;    ;    ; 10.418 ;
; en         ; out[25]     ; 11.201 ;    ;    ; 11.201 ;
; en         ; out[26]     ; 11.652 ;    ;    ; 11.652 ;
; en         ; out[27]     ; 12.758 ;    ;    ; 12.758 ;
; en         ; out[28]     ; 11.210 ;    ;    ; 11.210 ;
; en         ; out[29]     ; 12.244 ;    ;    ; 12.244 ;
; en         ; out[30]     ; 12.645 ;    ;    ; 12.645 ;
; en         ; out[31]     ; 11.795 ;    ;    ; 11.795 ;
; en         ; out[32]     ; 11.279 ;    ;    ; 11.279 ;
; en         ; out[33]     ; 12.992 ;    ;    ; 12.992 ;
; en         ; out[34]     ; 9.876  ;    ;    ; 9.876  ;
; en         ; out[35]     ; 11.382 ;    ;    ; 11.382 ;
; en         ; out[36]     ; 11.662 ;    ;    ; 11.662 ;
; en         ; out[37]     ; 11.408 ;    ;    ; 11.408 ;
; en         ; out[38]     ; 11.932 ;    ;    ; 11.932 ;
; en         ; out[39]     ; 10.702 ;    ;    ; 10.702 ;
; en         ; out[40]     ; 11.105 ;    ;    ; 11.105 ;
; en         ; out[41]     ; 11.219 ;    ;    ; 11.219 ;
; en         ; out[42]     ; 11.853 ;    ;    ; 11.853 ;
; en         ; out[43]     ; 10.898 ;    ;    ; 10.898 ;
; en         ; out[44]     ; 11.750 ;    ;    ; 11.750 ;
; en         ; out[45]     ; 11.039 ;    ;    ; 11.039 ;
; en         ; out[46]     ; 10.908 ;    ;    ; 10.908 ;
; en         ; out[47]     ; 10.905 ;    ;    ; 10.905 ;
; en         ; out[48]     ; 10.954 ;    ;    ; 10.954 ;
; en         ; out[49]     ; 11.170 ;    ;    ; 11.170 ;
; en         ; out[50]     ; 9.810  ;    ;    ; 9.810  ;
; en         ; out[51]     ; 9.804  ;    ;    ; 9.804  ;
; en         ; out[52]     ; 11.015 ;    ;    ; 11.015 ;
; en         ; out[53]     ; 11.084 ;    ;    ; 11.084 ;
; en         ; out[54]     ; 11.142 ;    ;    ; 11.142 ;
; en         ; out[55]     ; 11.226 ;    ;    ; 11.226 ;
; en         ; out[56]     ; 11.744 ;    ;    ; 11.744 ;
; en         ; out[57]     ; 11.683 ;    ;    ; 11.683 ;
; en         ; out[58]     ; 9.706  ;    ;    ; 9.706  ;
; en         ; out[59]     ; 9.724  ;    ;    ; 9.724  ;
; en         ; out[60]     ; 11.137 ;    ;    ; 11.137 ;
; en         ; out[61]     ; 11.539 ;    ;    ; 11.539 ;
; en         ; out[62]     ; 11.646 ;    ;    ; 11.646 ;
; en         ; out[63]     ; 11.317 ;    ;    ; 11.317 ;
; en         ; out[64]     ; 11.325 ;    ;    ; 11.325 ;
; en         ; out[65]     ; 11.078 ;    ;    ; 11.078 ;
; en         ; out[66]     ; 10.935 ;    ;    ; 10.935 ;
; en         ; out[67]     ; 10.965 ;    ;    ; 10.965 ;
; en         ; out[68]     ; 10.817 ;    ;    ; 10.817 ;
; en         ; out[69]     ; 9.596  ;    ;    ; 9.596  ;
; en         ; out[70]     ; 10.643 ;    ;    ; 10.643 ;
; en         ; out[71]     ; 11.672 ;    ;    ; 11.672 ;
; pwm        ; out[0]      ; 12.089 ;    ;    ; 12.089 ;
; pwm        ; out[1]      ; 11.277 ;    ;    ; 11.277 ;
; pwm        ; out[2]      ; 12.078 ;    ;    ; 12.078 ;
; pwm        ; out[3]      ; 12.077 ;    ;    ; 12.077 ;
; pwm        ; out[4]      ; 12.201 ;    ;    ; 12.201 ;
; pwm        ; out[5]      ; 12.373 ;    ;    ; 12.373 ;
; pwm        ; out[6]      ; 11.966 ;    ;    ; 11.966 ;
; pwm        ; out[7]      ; 11.144 ;    ;    ; 11.144 ;
; pwm        ; out[8]      ; 11.260 ;    ;    ; 11.260 ;
; pwm        ; out[9]      ; 11.160 ;    ;    ; 11.160 ;
; pwm        ; out[10]     ; 11.140 ;    ;    ; 11.140 ;
; pwm        ; out[11]     ; 10.059 ;    ;    ; 10.059 ;
; pwm        ; out[12]     ; 11.796 ;    ;    ; 11.796 ;
; pwm        ; out[13]     ; 11.891 ;    ;    ; 11.891 ;
; pwm        ; out[14]     ; 11.999 ;    ;    ; 11.999 ;
; pwm        ; out[15]     ; 12.429 ;    ;    ; 12.429 ;
; pwm        ; out[16]     ; 12.084 ;    ;    ; 12.084 ;
; pwm        ; out[17]     ; 12.130 ;    ;    ; 12.130 ;
; pwm        ; out[18]     ; 12.035 ;    ;    ; 12.035 ;
; pwm        ; out[19]     ; 12.412 ;    ;    ; 12.412 ;
; pwm        ; out[20]     ; 12.969 ;    ;    ; 12.969 ;
; pwm        ; out[21]     ; 12.774 ;    ;    ; 12.774 ;
; pwm        ; out[22]     ; 10.865 ;    ;    ; 10.865 ;
; pwm        ; out[23]     ; 12.948 ;    ;    ; 12.948 ;
; pwm        ; out[24]     ; 10.838 ;    ;    ; 10.838 ;
; pwm        ; out[25]     ; 12.137 ;    ;    ; 12.137 ;
; pwm        ; out[26]     ; 11.794 ;    ;    ; 11.794 ;
; pwm        ; out[27]     ; 13.158 ;    ;    ; 13.158 ;
; pwm        ; out[28]     ; 12.162 ;    ;    ; 12.162 ;
; pwm        ; out[29]     ; 11.676 ;    ;    ; 11.676 ;
; pwm        ; out[30]     ; 12.098 ;    ;    ; 12.098 ;
; pwm        ; out[31]     ; 11.913 ;    ;    ; 11.913 ;
; pwm        ; out[32]     ; 12.577 ;    ;    ; 12.577 ;
; pwm        ; out[33]     ; 14.372 ;    ;    ; 14.372 ;
; pwm        ; out[34]     ; 10.840 ;    ;    ; 10.840 ;
; pwm        ; out[35]     ; 11.923 ;    ;    ; 11.923 ;
; pwm        ; out[36]     ; 11.820 ;    ;    ; 11.820 ;
; pwm        ; out[37]     ; 12.057 ;    ;    ; 12.057 ;
; pwm        ; out[38]     ; 12.489 ;    ;    ; 12.489 ;
; pwm        ; out[39]     ; 11.609 ;    ;    ; 11.609 ;
; pwm        ; out[40]     ; 11.475 ;    ;    ; 11.475 ;
; pwm        ; out[41]     ; 11.609 ;    ;    ; 11.609 ;
; pwm        ; out[42]     ; 11.523 ;    ;    ; 11.523 ;
; pwm        ; out[43]     ; 11.247 ;    ;    ; 11.247 ;
; pwm        ; out[44]     ; 11.128 ;    ;    ; 11.128 ;
; pwm        ; out[45]     ; 12.458 ;    ;    ; 12.458 ;
; pwm        ; out[46]     ; 12.324 ;    ;    ; 12.324 ;
; pwm        ; out[47]     ; 12.326 ;    ;    ; 12.326 ;
; pwm        ; out[48]     ; 11.864 ;    ;    ; 11.864 ;
; pwm        ; out[49]     ; 11.540 ;    ;    ; 11.540 ;
; pwm        ; out[50]     ; 9.411  ;    ;    ; 9.411  ;
; pwm        ; out[51]     ; 9.407  ;    ;    ; 9.407  ;
; pwm        ; out[52]     ; 11.854 ;    ;    ; 11.854 ;
; pwm        ; out[53]     ; 10.708 ;    ;    ; 10.708 ;
; pwm        ; out[54]     ; 11.261 ;    ;    ; 11.261 ;
; pwm        ; out[55]     ; 11.535 ;    ;    ; 11.535 ;
; pwm        ; out[56]     ; 12.070 ;    ;    ; 12.070 ;
; pwm        ; out[57]     ; 12.106 ;    ;    ; 12.106 ;
; pwm        ; out[58]     ; 10.078 ;    ;    ; 10.078 ;
; pwm        ; out[59]     ; 10.096 ;    ;    ; 10.096 ;
; pwm        ; out[60]     ; 10.967 ;    ;    ; 10.967 ;
; pwm        ; out[61]     ; 11.916 ;    ;    ; 11.916 ;
; pwm        ; out[62]     ; 12.023 ;    ;    ; 12.023 ;
; pwm        ; out[63]     ; 11.148 ;    ;    ; 11.148 ;
; pwm        ; out[64]     ; 11.160 ;    ;    ; 11.160 ;
; pwm        ; out[65]     ; 11.109 ;    ;    ; 11.109 ;
; pwm        ; out[66]     ; 10.958 ;    ;    ; 10.958 ;
; pwm        ; out[67]     ; 11.533 ;    ;    ; 11.533 ;
; pwm        ; out[68]     ; 10.844 ;    ;    ; 10.844 ;
; pwm        ; out[69]     ; 10.160 ;    ;    ; 10.160 ;
; pwm        ; out[70]     ; 10.868 ;    ;    ; 10.868 ;
; pwm        ; out[71]     ; 12.091 ;    ;    ; 12.091 ;
+------------+-------------+--------+----+----+--------+


+------------------------------------------------------+
; Minimum Propagation Delay                            ;
+------------+-------------+--------+----+----+--------+
; Input Port ; Output Port ; RR     ; RF ; FR ; FF     ;
+------------+-------------+--------+----+----+--------+
; en         ; out[0]      ; 12.432 ;    ;    ; 12.432 ;
; en         ; out[1]      ; 12.449 ;    ;    ; 12.449 ;
; en         ; out[2]      ; 12.429 ;    ;    ; 12.429 ;
; en         ; out[3]      ; 12.442 ;    ;    ; 12.442 ;
; en         ; out[4]      ; 12.548 ;    ;    ; 12.548 ;
; en         ; out[5]      ; 13.014 ;    ;    ; 13.014 ;
; en         ; out[6]      ; 12.959 ;    ;    ; 12.959 ;
; en         ; out[7]      ; 11.112 ;    ;    ; 11.112 ;
; en         ; out[8]      ; 11.231 ;    ;    ; 11.231 ;
; en         ; out[9]      ; 10.586 ;    ;    ; 10.586 ;
; en         ; out[10]     ; 11.108 ;    ;    ; 11.108 ;
; en         ; out[11]     ; 10.026 ;    ;    ; 10.026 ;
; en         ; out[12]     ; 11.764 ;    ;    ; 11.764 ;
; en         ; out[13]     ; 11.757 ;    ;    ; 11.757 ;
; en         ; out[14]     ; 11.798 ;    ;    ; 11.798 ;
; en         ; out[15]     ; 11.753 ;    ;    ; 11.753 ;
; en         ; out[16]     ; 11.345 ;    ;    ; 11.345 ;
; en         ; out[17]     ; 11.454 ;    ;    ; 11.454 ;
; en         ; out[18]     ; 11.754 ;    ;    ; 11.754 ;
; en         ; out[19]     ; 11.848 ;    ;    ; 11.848 ;
; en         ; out[20]     ; 11.876 ;    ;    ; 11.876 ;
; en         ; out[21]     ; 11.683 ;    ;    ; 11.683 ;
; en         ; out[22]     ; 10.584 ;    ;    ; 10.584 ;
; en         ; out[23]     ; 11.027 ;    ;    ; 11.027 ;
; en         ; out[24]     ; 10.418 ;    ;    ; 10.418 ;
; en         ; out[25]     ; 11.201 ;    ;    ; 11.201 ;
; en         ; out[26]     ; 11.652 ;    ;    ; 11.652 ;
; en         ; out[27]     ; 12.758 ;    ;    ; 12.758 ;
; en         ; out[28]     ; 11.210 ;    ;    ; 11.210 ;
; en         ; out[29]     ; 12.244 ;    ;    ; 12.244 ;
; en         ; out[30]     ; 12.645 ;    ;    ; 12.645 ;
; en         ; out[31]     ; 11.795 ;    ;    ; 11.795 ;
; en         ; out[32]     ; 11.279 ;    ;    ; 11.279 ;
; en         ; out[33]     ; 12.992 ;    ;    ; 12.992 ;
; en         ; out[34]     ; 9.876  ;    ;    ; 9.876  ;
; en         ; out[35]     ; 11.382 ;    ;    ; 11.382 ;
; en         ; out[36]     ; 11.662 ;    ;    ; 11.662 ;
; en         ; out[37]     ; 11.408 ;    ;    ; 11.408 ;
; en         ; out[38]     ; 11.932 ;    ;    ; 11.932 ;
; en         ; out[39]     ; 10.702 ;    ;    ; 10.702 ;
; en         ; out[40]     ; 11.105 ;    ;    ; 11.105 ;
; en         ; out[41]     ; 11.219 ;    ;    ; 11.219 ;
; en         ; out[42]     ; 11.853 ;    ;    ; 11.853 ;
; en         ; out[43]     ; 10.898 ;    ;    ; 10.898 ;
; en         ; out[44]     ; 11.750 ;    ;    ; 11.750 ;
; en         ; out[45]     ; 11.039 ;    ;    ; 11.039 ;
; en         ; out[46]     ; 10.908 ;    ;    ; 10.908 ;
; en         ; out[47]     ; 10.905 ;    ;    ; 10.905 ;
; en         ; out[48]     ; 10.954 ;    ;    ; 10.954 ;
; en         ; out[49]     ; 11.170 ;    ;    ; 11.170 ;
; en         ; out[50]     ; 9.810  ;    ;    ; 9.810  ;
; en         ; out[51]     ; 9.804  ;    ;    ; 9.804  ;
; en         ; out[52]     ; 11.015 ;    ;    ; 11.015 ;
; en         ; out[53]     ; 11.084 ;    ;    ; 11.084 ;
; en         ; out[54]     ; 11.142 ;    ;    ; 11.142 ;
; en         ; out[55]     ; 11.226 ;    ;    ; 11.226 ;
; en         ; out[56]     ; 11.744 ;    ;    ; 11.744 ;
; en         ; out[57]     ; 11.683 ;    ;    ; 11.683 ;
; en         ; out[58]     ; 9.706  ;    ;    ; 9.706  ;
; en         ; out[59]     ; 9.724  ;    ;    ; 9.724  ;
; en         ; out[60]     ; 11.137 ;    ;    ; 11.137 ;
; en         ; out[61]     ; 11.539 ;    ;    ; 11.539 ;
; en         ; out[62]     ; 11.646 ;    ;    ; 11.646 ;
; en         ; out[63]     ; 11.317 ;    ;    ; 11.317 ;
; en         ; out[64]     ; 11.325 ;    ;    ; 11.325 ;
; en         ; out[65]     ; 11.078 ;    ;    ; 11.078 ;
; en         ; out[66]     ; 10.935 ;    ;    ; 10.935 ;
; en         ; out[67]     ; 10.965 ;    ;    ; 10.965 ;
; en         ; out[68]     ; 10.817 ;    ;    ; 10.817 ;
; en         ; out[69]     ; 9.596  ;    ;    ; 9.596  ;
; en         ; out[70]     ; 10.643 ;    ;    ; 10.643 ;
; en         ; out[71]     ; 11.672 ;    ;    ; 11.672 ;
; pwm        ; out[0]      ; 12.089 ;    ;    ; 12.089 ;
; pwm        ; out[1]      ; 11.277 ;    ;    ; 11.277 ;
; pwm        ; out[2]      ; 12.078 ;    ;    ; 12.078 ;
; pwm        ; out[3]      ; 12.077 ;    ;    ; 12.077 ;
; pwm        ; out[4]      ; 12.201 ;    ;    ; 12.201 ;
; pwm        ; out[5]      ; 12.373 ;    ;    ; 12.373 ;
; pwm        ; out[6]      ; 11.966 ;    ;    ; 11.966 ;
; pwm        ; out[7]      ; 11.144 ;    ;    ; 11.144 ;
; pwm        ; out[8]      ; 11.260 ;    ;    ; 11.260 ;
; pwm        ; out[9]      ; 11.160 ;    ;    ; 11.160 ;
; pwm        ; out[10]     ; 11.140 ;    ;    ; 11.140 ;
; pwm        ; out[11]     ; 10.059 ;    ;    ; 10.059 ;
; pwm        ; out[12]     ; 11.796 ;    ;    ; 11.796 ;
; pwm        ; out[13]     ; 11.891 ;    ;    ; 11.891 ;
; pwm        ; out[14]     ; 11.999 ;    ;    ; 11.999 ;
; pwm        ; out[15]     ; 12.429 ;    ;    ; 12.429 ;
; pwm        ; out[16]     ; 12.084 ;    ;    ; 12.084 ;
; pwm        ; out[17]     ; 12.130 ;    ;    ; 12.130 ;
; pwm        ; out[18]     ; 12.035 ;    ;    ; 12.035 ;
; pwm        ; out[19]     ; 12.412 ;    ;    ; 12.412 ;
; pwm        ; out[20]     ; 12.969 ;    ;    ; 12.969 ;
; pwm        ; out[21]     ; 12.774 ;    ;    ; 12.774 ;
; pwm        ; out[22]     ; 10.865 ;    ;    ; 10.865 ;
; pwm        ; out[23]     ; 12.948 ;    ;    ; 12.948 ;
; pwm        ; out[24]     ; 10.838 ;    ;    ; 10.838 ;
; pwm        ; out[25]     ; 12.137 ;    ;    ; 12.137 ;
; pwm        ; out[26]     ; 11.794 ;    ;    ; 11.794 ;
; pwm        ; out[27]     ; 13.158 ;    ;    ; 13.158 ;
; pwm        ; out[28]     ; 12.162 ;    ;    ; 12.162 ;
; pwm        ; out[29]     ; 11.676 ;    ;    ; 11.676 ;
; pwm        ; out[30]     ; 12.098 ;    ;    ; 12.098 ;
; pwm        ; out[31]     ; 11.913 ;    ;    ; 11.913 ;
; pwm        ; out[32]     ; 12.577 ;    ;    ; 12.577 ;
; pwm        ; out[33]     ; 14.372 ;    ;    ; 14.372 ;
; pwm        ; out[34]     ; 10.840 ;    ;    ; 10.840 ;
; pwm        ; out[35]     ; 11.923 ;    ;    ; 11.923 ;
; pwm        ; out[36]     ; 11.820 ;    ;    ; 11.820 ;
; pwm        ; out[37]     ; 12.057 ;    ;    ; 12.057 ;
; pwm        ; out[38]     ; 12.489 ;    ;    ; 12.489 ;
; pwm        ; out[39]     ; 11.609 ;    ;    ; 11.609 ;
; pwm        ; out[40]     ; 11.475 ;    ;    ; 11.475 ;
; pwm        ; out[41]     ; 11.609 ;    ;    ; 11.609 ;
; pwm        ; out[42]     ; 11.523 ;    ;    ; 11.523 ;
; pwm        ; out[43]     ; 11.247 ;    ;    ; 11.247 ;
; pwm        ; out[44]     ; 11.128 ;    ;    ; 11.128 ;
; pwm        ; out[45]     ; 12.458 ;    ;    ; 12.458 ;
; pwm        ; out[46]     ; 12.324 ;    ;    ; 12.324 ;
; pwm        ; out[47]     ; 12.326 ;    ;    ; 12.326 ;
; pwm        ; out[48]     ; 11.864 ;    ;    ; 11.864 ;
; pwm        ; out[49]     ; 11.540 ;    ;    ; 11.540 ;
; pwm        ; out[50]     ; 9.411  ;    ;    ; 9.411  ;
; pwm        ; out[51]     ; 9.407  ;    ;    ; 9.407  ;
; pwm        ; out[52]     ; 11.854 ;    ;    ; 11.854 ;
; pwm        ; out[53]     ; 10.708 ;    ;    ; 10.708 ;
; pwm        ; out[54]     ; 11.261 ;    ;    ; 11.261 ;
; pwm        ; out[55]     ; 11.535 ;    ;    ; 11.535 ;
; pwm        ; out[56]     ; 12.070 ;    ;    ; 12.070 ;
; pwm        ; out[57]     ; 12.106 ;    ;    ; 12.106 ;
; pwm        ; out[58]     ; 10.078 ;    ;    ; 10.078 ;
; pwm        ; out[59]     ; 10.096 ;    ;    ; 10.096 ;
; pwm        ; out[60]     ; 10.967 ;    ;    ; 10.967 ;
; pwm        ; out[61]     ; 11.916 ;    ;    ; 11.916 ;
; pwm        ; out[62]     ; 12.023 ;    ;    ; 12.023 ;
; pwm        ; out[63]     ; 11.148 ;    ;    ; 11.148 ;
; pwm        ; out[64]     ; 11.160 ;    ;    ; 11.160 ;
; pwm        ; out[65]     ; 11.109 ;    ;    ; 11.109 ;
; pwm        ; out[66]     ; 10.958 ;    ;    ; 10.958 ;
; pwm        ; out[67]     ; 11.533 ;    ;    ; 11.533 ;
; pwm        ; out[68]     ; 10.844 ;    ;    ; 10.844 ;
; pwm        ; out[69]     ; 10.160 ;    ;    ; 10.160 ;
; pwm        ; out[70]     ; 10.868 ;    ;    ; 10.868 ;
; pwm        ; out[71]     ; 12.091 ;    ;    ; 12.091 ;
+------------+-------------+--------+----+----+--------+


+-------------------------------------------------------------------+
; Setup Transfers                                                   ;
+------------+----------+----------+----------+----------+----------+
; From Clock ; To Clock ; RR Paths ; FR Paths ; RF Paths ; FF Paths ;
+------------+----------+----------+----------+----------+----------+
; clk        ; clk      ; 142      ; 0        ; 0        ; 0        ;
; clk_32k    ; clk_32k  ; 3        ; 0        ; 0        ; 0        ;
+------------+----------+----------+----------+----------+----------+
Entries labeled "false path" only account for clock-to-clock false paths and not path-based false paths. As a result, actual path counts may be lower than reported.


+-------------------------------------------------------------------+
; Hold Transfers                                                    ;
+------------+----------+----------+----------+----------+----------+
; From Clock ; To Clock ; RR Paths ; FR Paths ; RF Paths ; FF Paths ;
+------------+----------+----------+----------+----------+----------+
; clk        ; clk      ; 142      ; 0        ; 0        ; 0        ;
; clk_32k    ; clk_32k  ; 3        ; 0        ; 0        ; 0        ;
+------------+----------+----------+----------+----------+----------+
Entries labeled "false path" only account for clock-to-clock false paths and not path-based false paths. As a result, actual path counts may be lower than reported.


---------------
; Report TCCS ;
---------------
No dedicated SERDES Transmitter circuitry present in device or used in design


---------------
; Report RSKM ;
---------------
No non-DPA dedicated SERDES Receiver circuitry present in device or used in design


+------------------------------------------------+
; Unconstrained Paths                            ;
+---------------------------------+-------+------+
; Property                        ; Setup ; Hold ;
+---------------------------------+-------+------+
; Illegal Clocks                  ; 0     ; 0    ;
; Unconstrained Clocks            ; 0     ; 0    ;
; Unconstrained Input Ports       ; 4     ; 4    ;
; Unconstrained Input Port Paths  ; 290   ; 290  ;
; Unconstrained Output Ports      ; 73    ; 73   ;
; Unconstrained Output Port Paths ; 289   ; 289  ;
+---------------------------------+-------+------+


+------------------------------------+
; TimeQuest Timing Analyzer Messages ;
+------------------------------------+
Info: *******************************************************************
Info: Running Quartus II 64-Bit TimeQuest Timing Analyzer
    Info: Version 14.0.0 Build 200 06/17/2014 SJ Full Version
    Info: Processing started: Thu Jan 15 20:12:35 2015
Info: Command: quartus_sta NixieTube -c NixieTube
Info: qsta_default_script.tcl version: #1
Info (11104): Parallel Compilation has detected 4 hyper-threaded processors. However, the extra hyper-threaded processors will not be used by default. Parallel Compilation will use 2 of the 2 physical processors detected instead.
Info (21077): Low junction temperature is 0 degrees C
Info (21077): High junction temperature is 85 degrees C
Info (306004): Started post-fitting delay annotation
Info (306005): Delay annotation completed successfully
Critical Warning (332012): Synopsys Design Constraints File file not found: 'NixieTube.sdc'. A Synopsys Design Constraints File is required by the TimeQuest Timing Analyzer to get proper timing constraints. Without it, the Compiler will not properly optimize the design.
Info (332142): No user constrained base clocks found in the design. Calling "derive_clocks -period 1.0"
Info (332105): Deriving Clocks
    Info (332105): create_clock -period 1.000 -name clk_32k clk_32k
    Info (332105): create_clock -period 1.000 -name clk clk
Info: Found TIMEQUEST_REPORT_SCRIPT_INCLUDE_DEFAULT_ANALYSIS = ON
Info: Can't run Report Timing Closure Recommendations. The current device family is not supported.
Critical Warning (332148): Timing requirements not met
Info (332146): Worst-case setup slack is -2.478
    Info (332119):     Slack       End Point TNS Clock 
    Info (332119): ========= =================== =====================
    Info (332119):    -2.478            -175.527 clk 
    Info (332119):    -1.452              -2.666 clk_32k 
Info (332146): Worst-case hold slack is 1.375
    Info (332119):     Slack       End Point TNS Clock 
    Info (332119): ========= =================== =====================
    Info (332119):     1.375               0.000 clk 
    Info (332119):     1.660               0.000 clk_32k 
Info (332140): No Recovery paths to report
Info (332140): No Removal paths to report
Info (332146): Worst-case minimum pulse width slack is -2.289
    Info (332119):     Slack       End Point TNS Clock 
    Info (332119): ========= =================== =====================
    Info (332119):    -2.289              -2.289 clk 
    Info (332119):    -2.289              -2.289 clk_32k 
Info (332001): The selected device family is not supported by the report_metastability command.
Info (332102): Design is not fully constrained for setup requirements
Info (332102): Design is not fully constrained for hold requirements
Info: Quartus II 64-Bit TimeQuest Timing Analyzer was successful. 0 errors, 2 warnings
    Info: Peak virtual memory: 452 megabytes
    Info: Processing ended: Thu Jan 15 20:12:37 2015
    Info: Elapsed time: 00:00:02
    Info: Total CPU time (on all processors): 00:00:01


