TimeQuest Timing Analyzer report for NixieTube
Mon Jan 12 20:42:38 2015
Quartus II 64-Bit Version 14.0.0 Build 200 06/17/2014 SJ Full Version


---------------------
; Table of Contents ;
---------------------
  1. Legal Notice
  2. TimeQuest Timing Analyzer Summary
  3. Parallel Compilation
  4. Clocks
  5. Fmax Summary
  6. Setup Summary
  7. Hold Summary
  8. Recovery Summary
  9. Removal Summary
 10. Minimum Pulse Width Summary
 11. Setup: 'clk'
 12. Setup: 'clk_32k'
 13. Hold: 'clk'
 14. Hold: 'clk_32k'
 15. Minimum Pulse Width: 'clk'
 16. Minimum Pulse Width: 'clk_32k'
 17. Setup Times
 18. Hold Times
 19. Clock to Output Times
 20. Minimum Clock to Output Times
 21. Propagation Delay
 22. Minimum Propagation Delay
 23. Setup Transfers
 24. Hold Transfers
 25. Report TCCS
 26. Report RSKM
 27. Unconstrained Paths
 28. TimeQuest Timing Analyzer Messages



----------------
; Legal Notice ;
----------------
Copyright (C) 1991-2014 Altera Corporation. All rights reserved.
Your use of Altera Corporation's design tools, logic functions 
and other software and tools, and its AMPP partner logic 
functions, and any output files from any of the foregoing 
(including device programming or simulation files), and any 
associated documentation or information are expressly subject 
to the terms and conditions of the Altera Program License 
Subscription Agreement, the Altera Quartus II License Agreement,
the Altera MegaCore Function License Agreement, or other 
applicable license agreement, including, without limitation, 
that your use is for the sole purpose of programming logic 
devices manufactured by Altera and sold by Altera or its 
authorized distributors.  Please refer to the applicable 
agreement for further details.



+--------------------------------------------------------------------------+
; TimeQuest Timing Analyzer Summary                                        ;
+--------------------+-----------------------------------------------------+
; Quartus II Version ; Version 14.0.0 Build 200 06/17/2014 SJ Full Version ;
; Revision Name      ; NixieTube                                           ;
; Device Family      ; MAX II                                              ;
; Device Name        ; EPM240T100C5                                        ;
; Timing Models      ; Final                                               ;
; Delay Model        ; Slow Model                                          ;
; Rise/Fall Delays   ; Unavailable                                         ;
+--------------------+-----------------------------------------------------+


+------------------------------------------+
; Parallel Compilation                     ;
+----------------------------+-------------+
; Processors                 ; Number      ;
+----------------------------+-------------+
; Number detected on machine ; 4           ;
; Maximum allowed            ; 2           ;
;                            ;             ;
; Average used               ; 1.00        ;
; Maximum used               ; 1           ;
;                            ;             ;
; Usage by Processor         ; % Time Used ;
;     Processor 1            ; 100.0%      ;
;     Processors 2-4         ;   0.0%      ;
+----------------------------+-------------+


+-------------------------------------------------------------------------------------------------------------------------------------------------------------------------------------+
; Clocks                                                                                                                                                                              ;
+------------+------+--------+------------+-------+-------+------------+-----------+-------------+-------+--------+-----------+------------+----------+--------+--------+-------------+
; Clock Name ; Type ; Period ; Frequency  ; Rise  ; Fall  ; Duty Cycle ; Divide by ; Multiply by ; Phase ; Offset ; Edge List ; Edge Shift ; Inverted ; Master ; Source ; Targets     ;
+------------+------+--------+------------+-------+-------+------------+-----------+-------------+-------+--------+-----------+------------+----------+--------+--------+-------------+
; clk        ; Base ; 1.000  ; 1000.0 MHz ; 0.000 ; 0.500 ;            ;           ;             ;       ;        ;           ;            ;          ;        ;        ; { clk }     ;
; clk_32k    ; Base ; 1.000  ; 1000.0 MHz ; 0.000 ; 0.500 ;            ;           ;             ;       ;        ;           ;            ;          ;        ;        ; { clk_32k } ;
+------------+------+--------+------------+-------+-------+------------+-----------+-------------+-------+--------+-----------+------------+----------+--------+--------+-------------+


+-----------------------------------------------------------------------------------------------------------+
; Fmax Summary                                                                                              ;
+------------+-----------------+------------+---------------------------------------------------------------+
; Fmax       ; Restricted Fmax ; Clock Name ; Note                                                          ;
+------------+-----------------+------------+---------------------------------------------------------------+
; 317.46 MHz ; 304.04 MHz      ; clk        ; limit due to minimum period restriction (max I/O toggle rate) ;
; 407.83 MHz ; 304.04 MHz      ; clk_32k    ; limit due to minimum period restriction (max I/O toggle rate) ;
+------------+-----------------+------------+---------------------------------------------------------------+
This panel reports FMAX for every clock in the design, regardless of the user-specified clock periods.  FMAX is only computed for paths where the source and destination registers or ports are driven by the same clock.  Paths of different clocks, including generated clocks, are ignored.  For paths between a clock and its inversion, FMAX is computed as if the rising and falling edges are scaled along with FMAX, such that the duty cycle (in terms of a percentage) is maintained. Altera recommends that you always use clock constraints and other slack reports for sign-off analysis.


+----------------------------------+
; Setup Summary                    ;
+---------+--------+---------------+
; Clock   ; Slack  ; End Point TNS ;
+---------+--------+---------------+
; clk     ; -2.150 ; -172.075      ;
; clk_32k ; -1.452 ; -2.666        ;
+---------+--------+---------------+


+---------------------------------+
; Hold Summary                    ;
+---------+-------+---------------+
; Clock   ; Slack ; End Point TNS ;
+---------+-------+---------------+
; clk     ; 1.375 ; 0.000         ;
; clk_32k ; 1.660 ; 0.000         ;
+---------+-------+---------------+


--------------------
; Recovery Summary ;
--------------------
No paths to report.


-------------------
; Removal Summary ;
-------------------
No paths to report.


+----------------------------------+
; Minimum Pulse Width Summary      ;
+---------+--------+---------------+
; Clock   ; Slack  ; End Point TNS ;
+---------+--------+---------------+
; clk     ; -2.289 ; -2.289        ;
; clk_32k ; -2.289 ; -2.289        ;
+---------+--------+---------------+


+------------------------------------------------------------------------------------------------------+
; Setup: 'clk'                                                                                         ;
+--------+-----------+-----------+--------------+-------------+--------------+------------+------------+
; Slack  ; From Node ; To Node   ; Launch Clock ; Latch Clock ; Relationship ; Clock Skew ; Data Delay ;
+--------+-----------+-----------+--------------+-------------+--------------+------------+------------+
; -2.150 ; data1[57] ; data1[58] ; clk          ; clk         ; 1.000        ; 0.000      ; 2.817      ;
; -2.145 ; data2[22] ; data2[23] ; clk          ; clk         ; 1.000        ; 0.000      ; 2.812      ;
; -2.099 ; data2[3]  ; data2[4]  ; clk          ; clk         ; 1.000        ; 0.000      ; 2.766      ;
; -2.074 ; data1[56] ; data1[57] ; clk          ; clk         ; 1.000        ; 0.000      ; 2.741      ;
; -2.039 ; data1[23] ; data1[24] ; clk          ; clk         ; 1.000        ; 0.000      ; 2.706      ;
; -2.032 ; data1[52] ; data1[53] ; clk          ; clk         ; 1.000        ; 0.000      ; 2.699      ;
; -1.992 ; data1[7]  ; data1[8]  ; clk          ; clk         ; 1.000        ; 0.000      ; 2.659      ;
; -1.990 ; data1[2]  ; data1[3]  ; clk          ; clk         ; 1.000        ; 0.000      ; 2.657      ;
; -1.985 ; data2[55] ; data2[56] ; clk          ; clk         ; 1.000        ; 0.000      ; 2.652      ;
; -1.962 ; data1[40] ; data1[41] ; clk          ; clk         ; 1.000        ; 0.000      ; 2.629      ;
; -1.911 ; data2[37] ; data2[38] ; clk          ; clk         ; 1.000        ; 0.000      ; 2.578      ;
; -1.854 ; data1[35] ; data1[36] ; clk          ; clk         ; 1.000        ; 0.000      ; 2.521      ;
; -1.848 ; data2[7]  ; data2[8]  ; clk          ; clk         ; 1.000        ; 0.000      ; 2.515      ;
; -1.702 ; data2[57] ; data2[58] ; clk          ; clk         ; 1.000        ; 0.000      ; 2.369      ;
; -1.620 ; data2[47] ; data2[48] ; clk          ; clk         ; 1.000        ; 0.000      ; 2.287      ;
; -1.437 ; data2[28] ; data2[29] ; clk          ; clk         ; 1.000        ; 0.000      ; 2.104      ;
; -1.431 ; data1[27] ; data1[28] ; clk          ; clk         ; 1.000        ; 0.000      ; 2.098      ;
; -1.407 ; data1[5]  ; data1[6]  ; clk          ; clk         ; 1.000        ; 0.000      ; 2.074      ;
; -1.393 ; data2[65] ; data2[66] ; clk          ; clk         ; 1.000        ; 0.000      ; 2.060      ;
; -1.393 ; data2[68] ; data2[69] ; clk          ; clk         ; 1.000        ; 0.000      ; 2.060      ;
; -1.391 ; data2[39] ; data2[40] ; clk          ; clk         ; 1.000        ; 0.000      ; 2.058      ;
; -1.390 ; data1[66] ; data1[67] ; clk          ; clk         ; 1.000        ; 0.000      ; 2.057      ;
; -1.386 ; data2[18] ; data2[19] ; clk          ; clk         ; 1.000        ; 0.000      ; 2.053      ;
; -1.385 ; data2[12] ; data2[13] ; clk          ; clk         ; 1.000        ; 0.000      ; 2.052      ;
; -1.381 ; data1[59] ; data1[60] ; clk          ; clk         ; 1.000        ; 0.000      ; 2.048      ;
; -1.380 ; data2[53] ; data2[54] ; clk          ; clk         ; 1.000        ; 0.000      ; 2.047      ;
; -1.370 ; data1[63] ; data1[64] ; clk          ; clk         ; 1.000        ; 0.000      ; 2.037      ;
; -1.360 ; data1[31] ; data1[32] ; clk          ; clk         ; 1.000        ; 0.000      ; 2.027      ;
; -1.359 ; data2[42] ; data2[43] ; clk          ; clk         ; 1.000        ; 0.000      ; 2.026      ;
; -1.357 ; data2[29] ; data2[30] ; clk          ; clk         ; 1.000        ; 0.000      ; 2.024      ;
; -1.343 ; data1[46] ; data1[47] ; clk          ; clk         ; 1.000        ; 0.000      ; 2.010      ;
; -1.337 ; data1[65] ; data1[66] ; clk          ; clk         ; 1.000        ; 0.000      ; 2.004      ;
; -1.335 ; data1[28] ; data1[29] ; clk          ; clk         ; 1.000        ; 0.000      ; 2.002      ;
; -1.335 ; data2[32] ; data2[33] ; clk          ; clk         ; 1.000        ; 0.000      ; 2.002      ;
; -1.335 ; data1[67] ; data1[68] ; clk          ; clk         ; 1.000        ; 0.000      ; 2.002      ;
; -1.328 ; data1[19] ; data1[20] ; clk          ; clk         ; 1.000        ; 0.000      ; 1.995      ;
; -1.326 ; data2[52] ; data2[53] ; clk          ; clk         ; 1.000        ; 0.000      ; 1.993      ;
; -1.323 ; data2[51] ; data2[52] ; clk          ; clk         ; 1.000        ; 0.000      ; 1.990      ;
; -1.321 ; data2[34] ; data2[35] ; clk          ; clk         ; 1.000        ; 0.000      ; 1.988      ;
; -1.320 ; data1[41] ; data1[42] ; clk          ; clk         ; 1.000        ; 0.000      ; 1.987      ;
; -1.320 ; data1[48] ; data1[49] ; clk          ; clk         ; 1.000        ; 0.000      ; 1.987      ;
; -1.313 ; data2[38] ; data2[39] ; clk          ; clk         ; 1.000        ; 0.000      ; 1.980      ;
; -1.307 ; data2[59] ; data2[60] ; clk          ; clk         ; 1.000        ; 0.000      ; 1.974      ;
; -1.304 ; data1[11] ; data1[12] ; clk          ; clk         ; 1.000        ; 0.000      ; 1.971      ;
; -1.302 ; data1[15] ; data1[16] ; clk          ; clk         ; 1.000        ; 0.000      ; 1.969      ;
; -1.300 ; data1[21] ; data1[22] ; clk          ; clk         ; 1.000        ; 0.000      ; 1.967      ;
; -1.258 ; data2[63] ; data2[64] ; clk          ; clk         ; 1.000        ; 0.000      ; 1.925      ;
; -1.255 ; data2[62] ; data2[63] ; clk          ; clk         ; 1.000        ; 0.000      ; 1.922      ;
; -1.254 ; data2[61] ; data2[62] ; clk          ; clk         ; 1.000        ; 0.000      ; 1.921      ;
; -1.246 ; data2[13] ; data2[14] ; clk          ; clk         ; 1.000        ; 0.000      ; 1.913      ;
; -1.246 ; data2[14] ; data2[15] ; clk          ; clk         ; 1.000        ; 0.000      ; 1.913      ;
; -1.240 ; data2[48] ; data2[49] ; clk          ; clk         ; 1.000        ; 0.000      ; 1.907      ;
; -1.239 ; data2[8]  ; data2[9]  ; clk          ; clk         ; 1.000        ; 0.000      ; 1.906      ;
; -1.238 ; data2[19] ; data2[20] ; clk          ; clk         ; 1.000        ; 0.000      ; 1.905      ;
; -1.238 ; data2[21] ; data2[22] ; clk          ; clk         ; 1.000        ; 0.000      ; 1.905      ;
; -1.237 ; data2[26] ; data2[27] ; clk          ; clk         ; 1.000        ; 0.000      ; 1.904      ;
; -1.236 ; data2[27] ; data2[28] ; clk          ; clk         ; 1.000        ; 0.000      ; 1.903      ;
; -1.233 ; data2[44] ; data2[45] ; clk          ; clk         ; 1.000        ; 0.000      ; 1.900      ;
; -1.233 ; data2[46] ; data2[47] ; clk          ; clk         ; 1.000        ; 0.000      ; 1.900      ;
; -1.233 ; data2[50] ; data2[51] ; clk          ; clk         ; 1.000        ; 0.000      ; 1.900      ;
; -1.231 ; data2[10] ; data2[11] ; clk          ; clk         ; 1.000        ; 0.000      ; 1.898      ;
; -1.229 ; data2[49] ; data2[50] ; clk          ; clk         ; 1.000        ; 0.000      ; 1.896      ;
; -1.228 ; data2[9]  ; data2[10] ; clk          ; clk         ; 1.000        ; 0.000      ; 1.895      ;
; -1.228 ; data2[30] ; data2[31] ; clk          ; clk         ; 1.000        ; 0.000      ; 1.895      ;
; -1.227 ; data2[58] ; data2[59] ; clk          ; clk         ; 1.000        ; 0.000      ; 1.894      ;
; -1.225 ; data2[4]  ; data2[5]  ; clk          ; clk         ; 1.000        ; 0.000      ; 1.892      ;
; -1.224 ; data2[41] ; data2[42] ; clk          ; clk         ; 1.000        ; 0.000      ; 1.891      ;
; -1.222 ; data2[15] ; data2[16] ; clk          ; clk         ; 1.000        ; 0.000      ; 1.889      ;
; -1.221 ; data2[1]  ; data2[2]  ; clk          ; clk         ; 1.000        ; 0.000      ; 1.888      ;
; -1.221 ; data2[25] ; data2[26] ; clk          ; clk         ; 1.000        ; 0.000      ; 1.888      ;
; -1.219 ; data2[6]  ; data2[7]  ; clk          ; clk         ; 1.000        ; 0.000      ; 1.886      ;
; -1.219 ; data2[60] ; data2[61] ; clk          ; clk         ; 1.000        ; 0.000      ; 1.886      ;
; -1.218 ; data2[11] ; data2[12] ; clk          ; clk         ; 1.000        ; 0.000      ; 1.885      ;
; -1.218 ; data2[45] ; data2[46] ; clk          ; clk         ; 1.000        ; 0.000      ; 1.885      ;
; -1.217 ; data2[54] ; data2[55] ; clk          ; clk         ; 1.000        ; 0.000      ; 1.884      ;
; -1.216 ; data2[16] ; data2[17] ; clk          ; clk         ; 1.000        ; 0.000      ; 1.883      ;
; -1.216 ; data2[33] ; data2[34] ; clk          ; clk         ; 1.000        ; 0.000      ; 1.883      ;
; -1.216 ; data2[70] ; data2[71] ; clk          ; clk         ; 1.000        ; 0.000      ; 1.883      ;
; -1.214 ; data2[31] ; data2[32] ; clk          ; clk         ; 1.000        ; 0.000      ; 1.881      ;
; -1.199 ; data2[36] ; data2[37] ; clk          ; clk         ; 1.000        ; 0.000      ; 1.866      ;
; -0.972 ; data2[43] ; data2[44] ; clk          ; clk         ; 1.000        ; 0.000      ; 1.639      ;
; -0.970 ; data2[20] ; data2[21] ; clk          ; clk         ; 1.000        ; 0.000      ; 1.637      ;
; -0.969 ; data2[40] ; data2[41] ; clk          ; clk         ; 1.000        ; 0.000      ; 1.636      ;
; -0.966 ; data1[17] ; data1[18] ; clk          ; clk         ; 1.000        ; 0.000      ; 1.633      ;
; -0.966 ; data1[44] ; data1[45] ; clk          ; clk         ; 1.000        ; 0.000      ; 1.633      ;
; -0.964 ; data1[18] ; data1[19] ; clk          ; clk         ; 1.000        ; 0.000      ; 1.631      ;
; -0.963 ; data2[2]  ; data2[3]  ; clk          ; clk         ; 1.000        ; 0.000      ; 1.630      ;
; -0.961 ; data2[0]  ; data2[1]  ; clk          ; clk         ; 1.000        ; 0.000      ; 1.628      ;
; -0.961 ; data1[20] ; data1[21] ; clk          ; clk         ; 1.000        ; 0.000      ; 1.628      ;
; -0.960 ; data2[67] ; data2[68] ; clk          ; clk         ; 1.000        ; 0.000      ; 1.627      ;
; -0.960 ; data2[69] ; data2[70] ; clk          ; clk         ; 1.000        ; 0.000      ; 1.627      ;
; -0.959 ; data1[16] ; data1[17] ; clk          ; clk         ; 1.000        ; 0.000      ; 1.626      ;
; -0.958 ; data2[24] ; data2[25] ; clk          ; clk         ; 1.000        ; 0.000      ; 1.625      ;
; -0.958 ; data1[38] ; data1[39] ; clk          ; clk         ; 1.000        ; 0.000      ; 1.625      ;
; -0.957 ; data1[12] ; data1[13] ; clk          ; clk         ; 1.000        ; 0.000      ; 1.624      ;
; -0.957 ; data2[23] ; data2[24] ; clk          ; clk         ; 1.000        ; 0.000      ; 1.624      ;
; -0.957 ; data1[37] ; data1[38] ; clk          ; clk         ; 1.000        ; 0.000      ; 1.624      ;
; -0.957 ; data1[42] ; data1[43] ; clk          ; clk         ; 1.000        ; 0.000      ; 1.624      ;
; -0.956 ; data1[30] ; data1[31] ; clk          ; clk         ; 1.000        ; 0.000      ; 1.623      ;
; -0.955 ; data1[26] ; data1[27] ; clk          ; clk         ; 1.000        ; 0.000      ; 1.622      ;
+--------+-----------+-----------+--------------+-------------+--------------+------------+------------+


+--------------------------------------------------------------------------------------------------------+
; Setup: 'clk_32k'                                                                                       ;
+--------+------------+------------+--------------+-------------+--------------+------------+------------+
; Slack  ; From Node  ; To Node    ; Launch Clock ; Latch Clock ; Relationship ; Clock Skew ; Data Delay ;
+--------+------------+------------+--------------+-------------+--------------+------------+------------+
; -1.452 ; counter[1] ; counter[1] ; clk_32k      ; clk_32k     ; 1.000        ; 0.000      ; 2.119      ;
; -1.220 ; counter[0] ; counter[1] ; clk_32k      ; clk_32k     ; 1.000        ; 0.000      ; 1.887      ;
; -1.214 ; counter[0] ; counter[0] ; clk_32k      ; clk_32k     ; 1.000        ; 0.000      ; 1.881      ;
+--------+------------+------------+--------------+-------------+--------------+------------+------------+


+-----------------------------------------------------------------------------------------------------+
; Hold: 'clk'                                                                                         ;
+-------+-----------+-----------+--------------+-------------+--------------+------------+------------+
; Slack ; From Node ; To Node   ; Launch Clock ; Latch Clock ; Relationship ; Clock Skew ; Data Delay ;
+-------+-----------+-----------+--------------+-------------+--------------+------------+------------+
; 1.375 ; data1[22] ; data1[23] ; clk          ; clk         ; 0.000        ; 0.000      ; 1.596      ;
; 1.376 ; data1[55] ; data1[56] ; clk          ; clk         ; 0.000        ; 0.000      ; 1.597      ;
; 1.379 ; data1[8]  ; data1[9]  ; clk          ; clk         ; 0.000        ; 0.000      ; 1.600      ;
; 1.379 ; data1[49] ; data1[50] ; clk          ; clk         ; 0.000        ; 0.000      ; 1.600      ;
; 1.383 ; data1[32] ; data1[33] ; clk          ; clk         ; 0.000        ; 0.000      ; 1.604      ;
; 1.385 ; data1[43] ; data1[44] ; clk          ; clk         ; 0.000        ; 0.000      ; 1.606      ;
; 1.385 ; data1[53] ; data1[54] ; clk          ; clk         ; 0.000        ; 0.000      ; 1.606      ;
; 1.385 ; data1[54] ; data1[55] ; clk          ; clk         ; 0.000        ; 0.000      ; 1.606      ;
; 1.386 ; data1[13] ; data1[14] ; clk          ; clk         ; 0.000        ; 0.000      ; 1.607      ;
; 1.386 ; data1[39] ; data1[40] ; clk          ; clk         ; 0.000        ; 0.000      ; 1.607      ;
; 1.386 ; data1[45] ; data1[46] ; clk          ; clk         ; 0.000        ; 0.000      ; 1.607      ;
; 1.386 ; data1[58] ; data1[59] ; clk          ; clk         ; 0.000        ; 0.000      ; 1.607      ;
; 1.388 ; data1[10] ; data1[11] ; clk          ; clk         ; 0.000        ; 0.000      ; 1.609      ;
; 1.388 ; data1[34] ; data1[35] ; clk          ; clk         ; 0.000        ; 0.000      ; 1.609      ;
; 1.389 ; data1[9]  ; data1[10] ; clk          ; clk         ; 0.000        ; 0.000      ; 1.610      ;
; 1.389 ; data2[17] ; data2[18] ; clk          ; clk         ; 0.000        ; 0.000      ; 1.610      ;
; 1.389 ; data1[60] ; data1[61] ; clk          ; clk         ; 0.000        ; 0.000      ; 1.610      ;
; 1.390 ; data1[33] ; data1[34] ; clk          ; clk         ; 0.000        ; 0.000      ; 1.611      ;
; 1.390 ; data2[64] ; data2[65] ; clk          ; clk         ; 0.000        ; 0.000      ; 1.611      ;
; 1.391 ; data1[64] ; data1[65] ; clk          ; clk         ; 0.000        ; 0.000      ; 1.612      ;
; 1.393 ; data1[3]  ; data1[4]  ; clk          ; clk         ; 0.000        ; 0.000      ; 1.614      ;
; 1.393 ; data1[29] ; data1[30] ; clk          ; clk         ; 0.000        ; 0.000      ; 1.614      ;
; 1.393 ; data1[36] ; data1[37] ; clk          ; clk         ; 0.000        ; 0.000      ; 1.614      ;
; 1.393 ; data1[61] ; data1[62] ; clk          ; clk         ; 0.000        ; 0.000      ; 1.614      ;
; 1.393 ; data1[62] ; data1[63] ; clk          ; clk         ; 0.000        ; 0.000      ; 1.614      ;
; 1.393 ; data1[68] ; data1[69] ; clk          ; clk         ; 0.000        ; 0.000      ; 1.614      ;
; 1.394 ; data1[1]  ; data1[2]  ; clk          ; clk         ; 0.000        ; 0.000      ; 1.615      ;
; 1.394 ; data1[25] ; data1[26] ; clk          ; clk         ; 0.000        ; 0.000      ; 1.615      ;
; 1.395 ; data2[5]  ; data2[6]  ; clk          ; clk         ; 0.000        ; 0.000      ; 1.616      ;
; 1.395 ; data1[51] ; data1[52] ; clk          ; clk         ; 0.000        ; 0.000      ; 1.616      ;
; 1.395 ; data1[70] ; data1[71] ; clk          ; clk         ; 0.000        ; 0.000      ; 1.616      ;
; 1.396 ; data1[14] ; data1[15] ; clk          ; clk         ; 0.000        ; 0.000      ; 1.617      ;
; 1.396 ; data2[35] ; data2[36] ; clk          ; clk         ; 0.000        ; 0.000      ; 1.617      ;
; 1.396 ; data2[56] ; data2[57] ; clk          ; clk         ; 0.000        ; 0.000      ; 1.617      ;
; 1.397 ; data1[6]  ; data1[7]  ; clk          ; clk         ; 0.000        ; 0.000      ; 1.618      ;
; 1.398 ; data1[47] ; data1[48] ; clk          ; clk         ; 0.000        ; 0.000      ; 1.619      ;
; 1.399 ; data1[0]  ; data1[1]  ; clk          ; clk         ; 0.000        ; 0.000      ; 1.620      ;
; 1.399 ; data1[24] ; data1[25] ; clk          ; clk         ; 0.000        ; 0.000      ; 1.620      ;
; 1.399 ; data1[50] ; data1[51] ; clk          ; clk         ; 0.000        ; 0.000      ; 1.620      ;
; 1.399 ; data1[69] ; data1[70] ; clk          ; clk         ; 0.000        ; 0.000      ; 1.620      ;
; 1.400 ; data1[4]  ; data1[5]  ; clk          ; clk         ; 0.000        ; 0.000      ; 1.621      ;
; 1.400 ; data2[66] ; data2[67] ; clk          ; clk         ; 0.000        ; 0.000      ; 1.621      ;
; 1.401 ; data1[26] ; data1[27] ; clk          ; clk         ; 0.000        ; 0.000      ; 1.622      ;
; 1.402 ; data1[30] ; data1[31] ; clk          ; clk         ; 0.000        ; 0.000      ; 1.623      ;
; 1.403 ; data1[12] ; data1[13] ; clk          ; clk         ; 0.000        ; 0.000      ; 1.624      ;
; 1.403 ; data2[23] ; data2[24] ; clk          ; clk         ; 0.000        ; 0.000      ; 1.624      ;
; 1.403 ; data1[37] ; data1[38] ; clk          ; clk         ; 0.000        ; 0.000      ; 1.624      ;
; 1.403 ; data1[42] ; data1[43] ; clk          ; clk         ; 0.000        ; 0.000      ; 1.624      ;
; 1.404 ; data2[24] ; data2[25] ; clk          ; clk         ; 0.000        ; 0.000      ; 1.625      ;
; 1.404 ; data1[38] ; data1[39] ; clk          ; clk         ; 0.000        ; 0.000      ; 1.625      ;
; 1.405 ; data1[16] ; data1[17] ; clk          ; clk         ; 0.000        ; 0.000      ; 1.626      ;
; 1.406 ; data2[67] ; data2[68] ; clk          ; clk         ; 0.000        ; 0.000      ; 1.627      ;
; 1.406 ; data2[69] ; data2[70] ; clk          ; clk         ; 0.000        ; 0.000      ; 1.627      ;
; 1.407 ; data2[0]  ; data2[1]  ; clk          ; clk         ; 0.000        ; 0.000      ; 1.628      ;
; 1.407 ; data1[20] ; data1[21] ; clk          ; clk         ; 0.000        ; 0.000      ; 1.628      ;
; 1.409 ; data2[2]  ; data2[3]  ; clk          ; clk         ; 0.000        ; 0.000      ; 1.630      ;
; 1.410 ; data1[18] ; data1[19] ; clk          ; clk         ; 0.000        ; 0.000      ; 1.631      ;
; 1.412 ; data1[17] ; data1[18] ; clk          ; clk         ; 0.000        ; 0.000      ; 1.633      ;
; 1.412 ; data1[44] ; data1[45] ; clk          ; clk         ; 0.000        ; 0.000      ; 1.633      ;
; 1.415 ; data2[40] ; data2[41] ; clk          ; clk         ; 0.000        ; 0.000      ; 1.636      ;
; 1.416 ; data2[20] ; data2[21] ; clk          ; clk         ; 0.000        ; 0.000      ; 1.637      ;
; 1.418 ; data2[43] ; data2[44] ; clk          ; clk         ; 0.000        ; 0.000      ; 1.639      ;
; 1.645 ; data2[36] ; data2[37] ; clk          ; clk         ; 0.000        ; 0.000      ; 1.866      ;
; 1.660 ; data2[31] ; data2[32] ; clk          ; clk         ; 0.000        ; 0.000      ; 1.881      ;
; 1.662 ; data2[16] ; data2[17] ; clk          ; clk         ; 0.000        ; 0.000      ; 1.883      ;
; 1.662 ; data2[33] ; data2[34] ; clk          ; clk         ; 0.000        ; 0.000      ; 1.883      ;
; 1.662 ; data2[70] ; data2[71] ; clk          ; clk         ; 0.000        ; 0.000      ; 1.883      ;
; 1.663 ; data2[54] ; data2[55] ; clk          ; clk         ; 0.000        ; 0.000      ; 1.884      ;
; 1.664 ; data2[11] ; data2[12] ; clk          ; clk         ; 0.000        ; 0.000      ; 1.885      ;
; 1.664 ; data2[45] ; data2[46] ; clk          ; clk         ; 0.000        ; 0.000      ; 1.885      ;
; 1.665 ; data2[6]  ; data2[7]  ; clk          ; clk         ; 0.000        ; 0.000      ; 1.886      ;
; 1.665 ; data2[60] ; data2[61] ; clk          ; clk         ; 0.000        ; 0.000      ; 1.886      ;
; 1.667 ; data2[1]  ; data2[2]  ; clk          ; clk         ; 0.000        ; 0.000      ; 1.888      ;
; 1.667 ; data2[25] ; data2[26] ; clk          ; clk         ; 0.000        ; 0.000      ; 1.888      ;
; 1.668 ; data2[15] ; data2[16] ; clk          ; clk         ; 0.000        ; 0.000      ; 1.889      ;
; 1.670 ; data2[41] ; data2[42] ; clk          ; clk         ; 0.000        ; 0.000      ; 1.891      ;
; 1.671 ; data2[4]  ; data2[5]  ; clk          ; clk         ; 0.000        ; 0.000      ; 1.892      ;
; 1.673 ; data2[58] ; data2[59] ; clk          ; clk         ; 0.000        ; 0.000      ; 1.894      ;
; 1.674 ; data2[9]  ; data2[10] ; clk          ; clk         ; 0.000        ; 0.000      ; 1.895      ;
; 1.674 ; data2[30] ; data2[31] ; clk          ; clk         ; 0.000        ; 0.000      ; 1.895      ;
; 1.675 ; data2[49] ; data2[50] ; clk          ; clk         ; 0.000        ; 0.000      ; 1.896      ;
; 1.677 ; data2[10] ; data2[11] ; clk          ; clk         ; 0.000        ; 0.000      ; 1.898      ;
; 1.679 ; data2[44] ; data2[45] ; clk          ; clk         ; 0.000        ; 0.000      ; 1.900      ;
; 1.679 ; data2[46] ; data2[47] ; clk          ; clk         ; 0.000        ; 0.000      ; 1.900      ;
; 1.679 ; data2[50] ; data2[51] ; clk          ; clk         ; 0.000        ; 0.000      ; 1.900      ;
; 1.682 ; data2[27] ; data2[28] ; clk          ; clk         ; 0.000        ; 0.000      ; 1.903      ;
; 1.683 ; data2[26] ; data2[27] ; clk          ; clk         ; 0.000        ; 0.000      ; 1.904      ;
; 1.684 ; data2[19] ; data2[20] ; clk          ; clk         ; 0.000        ; 0.000      ; 1.905      ;
; 1.684 ; data2[21] ; data2[22] ; clk          ; clk         ; 0.000        ; 0.000      ; 1.905      ;
; 1.685 ; data2[8]  ; data2[9]  ; clk          ; clk         ; 0.000        ; 0.000      ; 1.906      ;
; 1.686 ; data2[48] ; data2[49] ; clk          ; clk         ; 0.000        ; 0.000      ; 1.907      ;
; 1.692 ; data2[13] ; data2[14] ; clk          ; clk         ; 0.000        ; 0.000      ; 1.913      ;
; 1.692 ; data2[14] ; data2[15] ; clk          ; clk         ; 0.000        ; 0.000      ; 1.913      ;
; 1.700 ; data2[61] ; data2[62] ; clk          ; clk         ; 0.000        ; 0.000      ; 1.921      ;
; 1.701 ; data2[62] ; data2[63] ; clk          ; clk         ; 0.000        ; 0.000      ; 1.922      ;
; 1.704 ; data2[63] ; data2[64] ; clk          ; clk         ; 0.000        ; 0.000      ; 1.925      ;
; 1.746 ; data1[21] ; data1[22] ; clk          ; clk         ; 0.000        ; 0.000      ; 1.967      ;
; 1.748 ; data1[15] ; data1[16] ; clk          ; clk         ; 0.000        ; 0.000      ; 1.969      ;
; 1.750 ; data1[11] ; data1[12] ; clk          ; clk         ; 0.000        ; 0.000      ; 1.971      ;
; 1.753 ; data2[59] ; data2[60] ; clk          ; clk         ; 0.000        ; 0.000      ; 1.974      ;
+-------+-----------+-----------+--------------+-------------+--------------+------------+------------+


+-------------------------------------------------------------------------------------------------------+
; Hold: 'clk_32k'                                                                                       ;
+-------+------------+------------+--------------+-------------+--------------+------------+------------+
; Slack ; From Node  ; To Node    ; Launch Clock ; Latch Clock ; Relationship ; Clock Skew ; Data Delay ;
+-------+------------+------------+--------------+-------------+--------------+------------+------------+
; 1.660 ; counter[0] ; counter[0] ; clk_32k      ; clk_32k     ; 0.000        ; 0.000      ; 1.881      ;
; 1.666 ; counter[0] ; counter[1] ; clk_32k      ; clk_32k     ; 0.000        ; 0.000      ; 1.887      ;
; 1.898 ; counter[1] ; counter[1] ; clk_32k      ; clk_32k     ; 0.000        ; 0.000      ; 2.119      ;
+-------+------------+------------+--------------+-------------+--------------+------------+------------+


+--------------------------------------------------------------------------------------------+
; Minimum Pulse Width: 'clk'                                                                 ;
+--------+--------------+----------------+------------------+-------+------------+-----------+
; Slack  ; Actual Width ; Required Width ; Type             ; Clock ; Clock Edge ; Target    ;
+--------+--------------+----------------+------------------+-------+------------+-----------+
; -2.289 ; 1.000        ; 3.289          ; Port Rate        ; clk   ; Rise       ; clk       ;
; 0.234  ; 0.500        ; 0.266          ; High Pulse Width ; clk   ; Rise       ; data1[0]  ;
; 0.234  ; 0.500        ; 0.266          ; Low Pulse Width  ; clk   ; Rise       ; data1[0]  ;
; 0.234  ; 0.500        ; 0.266          ; High Pulse Width ; clk   ; Rise       ; data1[10] ;
; 0.234  ; 0.500        ; 0.266          ; Low Pulse Width  ; clk   ; Rise       ; data1[10] ;
; 0.234  ; 0.500        ; 0.266          ; High Pulse Width ; clk   ; Rise       ; data1[11] ;
; 0.234  ; 0.500        ; 0.266          ; Low Pulse Width  ; clk   ; Rise       ; data1[11] ;
; 0.234  ; 0.500        ; 0.266          ; High Pulse Width ; clk   ; Rise       ; data1[12] ;
; 0.234  ; 0.500        ; 0.266          ; Low Pulse Width  ; clk   ; Rise       ; data1[12] ;
; 0.234  ; 0.500        ; 0.266          ; High Pulse Width ; clk   ; Rise       ; data1[13] ;
; 0.234  ; 0.500        ; 0.266          ; Low Pulse Width  ; clk   ; Rise       ; data1[13] ;
; 0.234  ; 0.500        ; 0.266          ; High Pulse Width ; clk   ; Rise       ; data1[14] ;
; 0.234  ; 0.500        ; 0.266          ; Low Pulse Width  ; clk   ; Rise       ; data1[14] ;
; 0.234  ; 0.500        ; 0.266          ; High Pulse Width ; clk   ; Rise       ; data1[15] ;
; 0.234  ; 0.500        ; 0.266          ; Low Pulse Width  ; clk   ; Rise       ; data1[15] ;
; 0.234  ; 0.500        ; 0.266          ; High Pulse Width ; clk   ; Rise       ; data1[16] ;
; 0.234  ; 0.500        ; 0.266          ; Low Pulse Width  ; clk   ; Rise       ; data1[16] ;
; 0.234  ; 0.500        ; 0.266          ; High Pulse Width ; clk   ; Rise       ; data1[17] ;
; 0.234  ; 0.500        ; 0.266          ; Low Pulse Width  ; clk   ; Rise       ; data1[17] ;
; 0.234  ; 0.500        ; 0.266          ; High Pulse Width ; clk   ; Rise       ; data1[18] ;
; 0.234  ; 0.500        ; 0.266          ; Low Pulse Width  ; clk   ; Rise       ; data1[18] ;
; 0.234  ; 0.500        ; 0.266          ; High Pulse Width ; clk   ; Rise       ; data1[19] ;
; 0.234  ; 0.500        ; 0.266          ; Low Pulse Width  ; clk   ; Rise       ; data1[19] ;
; 0.234  ; 0.500        ; 0.266          ; High Pulse Width ; clk   ; Rise       ; data1[1]  ;
; 0.234  ; 0.500        ; 0.266          ; Low Pulse Width  ; clk   ; Rise       ; data1[1]  ;
; 0.234  ; 0.500        ; 0.266          ; High Pulse Width ; clk   ; Rise       ; data1[20] ;
; 0.234  ; 0.500        ; 0.266          ; Low Pulse Width  ; clk   ; Rise       ; data1[20] ;
; 0.234  ; 0.500        ; 0.266          ; High Pulse Width ; clk   ; Rise       ; data1[21] ;
; 0.234  ; 0.500        ; 0.266          ; Low Pulse Width  ; clk   ; Rise       ; data1[21] ;
; 0.234  ; 0.500        ; 0.266          ; High Pulse Width ; clk   ; Rise       ; data1[22] ;
; 0.234  ; 0.500        ; 0.266          ; Low Pulse Width  ; clk   ; Rise       ; data1[22] ;
; 0.234  ; 0.500        ; 0.266          ; High Pulse Width ; clk   ; Rise       ; data1[23] ;
; 0.234  ; 0.500        ; 0.266          ; Low Pulse Width  ; clk   ; Rise       ; data1[23] ;
; 0.234  ; 0.500        ; 0.266          ; High Pulse Width ; clk   ; Rise       ; data1[24] ;
; 0.234  ; 0.500        ; 0.266          ; Low Pulse Width  ; clk   ; Rise       ; data1[24] ;
; 0.234  ; 0.500        ; 0.266          ; High Pulse Width ; clk   ; Rise       ; data1[25] ;
; 0.234  ; 0.500        ; 0.266          ; Low Pulse Width  ; clk   ; Rise       ; data1[25] ;
; 0.234  ; 0.500        ; 0.266          ; High Pulse Width ; clk   ; Rise       ; data1[26] ;
; 0.234  ; 0.500        ; 0.266          ; Low Pulse Width  ; clk   ; Rise       ; data1[26] ;
; 0.234  ; 0.500        ; 0.266          ; High Pulse Width ; clk   ; Rise       ; data1[27] ;
; 0.234  ; 0.500        ; 0.266          ; Low Pulse Width  ; clk   ; Rise       ; data1[27] ;
; 0.234  ; 0.500        ; 0.266          ; High Pulse Width ; clk   ; Rise       ; data1[28] ;
; 0.234  ; 0.500        ; 0.266          ; Low Pulse Width  ; clk   ; Rise       ; data1[28] ;
; 0.234  ; 0.500        ; 0.266          ; High Pulse Width ; clk   ; Rise       ; data1[29] ;
; 0.234  ; 0.500        ; 0.266          ; Low Pulse Width  ; clk   ; Rise       ; data1[29] ;
; 0.234  ; 0.500        ; 0.266          ; High Pulse Width ; clk   ; Rise       ; data1[2]  ;
; 0.234  ; 0.500        ; 0.266          ; Low Pulse Width  ; clk   ; Rise       ; data1[2]  ;
; 0.234  ; 0.500        ; 0.266          ; High Pulse Width ; clk   ; Rise       ; data1[30] ;
; 0.234  ; 0.500        ; 0.266          ; Low Pulse Width  ; clk   ; Rise       ; data1[30] ;
; 0.234  ; 0.500        ; 0.266          ; High Pulse Width ; clk   ; Rise       ; data1[31] ;
; 0.234  ; 0.500        ; 0.266          ; Low Pulse Width  ; clk   ; Rise       ; data1[31] ;
; 0.234  ; 0.500        ; 0.266          ; High Pulse Width ; clk   ; Rise       ; data1[32] ;
; 0.234  ; 0.500        ; 0.266          ; Low Pulse Width  ; clk   ; Rise       ; data1[32] ;
; 0.234  ; 0.500        ; 0.266          ; High Pulse Width ; clk   ; Rise       ; data1[33] ;
; 0.234  ; 0.500        ; 0.266          ; Low Pulse Width  ; clk   ; Rise       ; data1[33] ;
; 0.234  ; 0.500        ; 0.266          ; High Pulse Width ; clk   ; Rise       ; data1[34] ;
; 0.234  ; 0.500        ; 0.266          ; Low Pulse Width  ; clk   ; Rise       ; data1[34] ;
; 0.234  ; 0.500        ; 0.266          ; High Pulse Width ; clk   ; Rise       ; data1[35] ;
; 0.234  ; 0.500        ; 0.266          ; Low Pulse Width  ; clk   ; Rise       ; data1[35] ;
; 0.234  ; 0.500        ; 0.266          ; High Pulse Width ; clk   ; Rise       ; data1[36] ;
; 0.234  ; 0.500        ; 0.266          ; Low Pulse Width  ; clk   ; Rise       ; data1[36] ;
; 0.234  ; 0.500        ; 0.266          ; High Pulse Width ; clk   ; Rise       ; data1[37] ;
; 0.234  ; 0.500        ; 0.266          ; Low Pulse Width  ; clk   ; Rise       ; data1[37] ;
; 0.234  ; 0.500        ; 0.266          ; High Pulse Width ; clk   ; Rise       ; data1[38] ;
; 0.234  ; 0.500        ; 0.266          ; Low Pulse Width  ; clk   ; Rise       ; data1[38] ;
; 0.234  ; 0.500        ; 0.266          ; High Pulse Width ; clk   ; Rise       ; data1[39] ;
; 0.234  ; 0.500        ; 0.266          ; Low Pulse Width  ; clk   ; Rise       ; data1[39] ;
; 0.234  ; 0.500        ; 0.266          ; High Pulse Width ; clk   ; Rise       ; data1[3]  ;
; 0.234  ; 0.500        ; 0.266          ; Low Pulse Width  ; clk   ; Rise       ; data1[3]  ;
; 0.234  ; 0.500        ; 0.266          ; High Pulse Width ; clk   ; Rise       ; data1[40] ;
; 0.234  ; 0.500        ; 0.266          ; Low Pulse Width  ; clk   ; Rise       ; data1[40] ;
; 0.234  ; 0.500        ; 0.266          ; High Pulse Width ; clk   ; Rise       ; data1[41] ;
; 0.234  ; 0.500        ; 0.266          ; Low Pulse Width  ; clk   ; Rise       ; data1[41] ;
; 0.234  ; 0.500        ; 0.266          ; High Pulse Width ; clk   ; Rise       ; data1[42] ;
; 0.234  ; 0.500        ; 0.266          ; Low Pulse Width  ; clk   ; Rise       ; data1[42] ;
; 0.234  ; 0.500        ; 0.266          ; High Pulse Width ; clk   ; Rise       ; data1[43] ;
; 0.234  ; 0.500        ; 0.266          ; Low Pulse Width  ; clk   ; Rise       ; data1[43] ;
; 0.234  ; 0.500        ; 0.266          ; High Pulse Width ; clk   ; Rise       ; data1[44] ;
; 0.234  ; 0.500        ; 0.266          ; Low Pulse Width  ; clk   ; Rise       ; data1[44] ;
; 0.234  ; 0.500        ; 0.266          ; High Pulse Width ; clk   ; Rise       ; data1[45] ;
; 0.234  ; 0.500        ; 0.266          ; Low Pulse Width  ; clk   ; Rise       ; data1[45] ;
; 0.234  ; 0.500        ; 0.266          ; High Pulse Width ; clk   ; Rise       ; data1[46] ;
; 0.234  ; 0.500        ; 0.266          ; Low Pulse Width  ; clk   ; Rise       ; data1[46] ;
; 0.234  ; 0.500        ; 0.266          ; High Pulse Width ; clk   ; Rise       ; data1[47] ;
; 0.234  ; 0.500        ; 0.266          ; Low Pulse Width  ; clk   ; Rise       ; data1[47] ;
; 0.234  ; 0.500        ; 0.266          ; High Pulse Width ; clk   ; Rise       ; data1[48] ;
; 0.234  ; 0.500        ; 0.266          ; Low Pulse Width  ; clk   ; Rise       ; data1[48] ;
; 0.234  ; 0.500        ; 0.266          ; High Pulse Width ; clk   ; Rise       ; data1[49] ;
; 0.234  ; 0.500        ; 0.266          ; Low Pulse Width  ; clk   ; Rise       ; data1[49] ;
; 0.234  ; 0.500        ; 0.266          ; High Pulse Width ; clk   ; Rise       ; data1[4]  ;
; 0.234  ; 0.500        ; 0.266          ; Low Pulse Width  ; clk   ; Rise       ; data1[4]  ;
; 0.234  ; 0.500        ; 0.266          ; High Pulse Width ; clk   ; Rise       ; data1[50] ;
; 0.234  ; 0.500        ; 0.266          ; Low Pulse Width  ; clk   ; Rise       ; data1[50] ;
; 0.234  ; 0.500        ; 0.266          ; High Pulse Width ; clk   ; Rise       ; data1[51] ;
; 0.234  ; 0.500        ; 0.266          ; Low Pulse Width  ; clk   ; Rise       ; data1[51] ;
; 0.234  ; 0.500        ; 0.266          ; High Pulse Width ; clk   ; Rise       ; data1[52] ;
; 0.234  ; 0.500        ; 0.266          ; Low Pulse Width  ; clk   ; Rise       ; data1[52] ;
; 0.234  ; 0.500        ; 0.266          ; High Pulse Width ; clk   ; Rise       ; data1[53] ;
; 0.234  ; 0.500        ; 0.266          ; Low Pulse Width  ; clk   ; Rise       ; data1[53] ;
; 0.234  ; 0.500        ; 0.266          ; High Pulse Width ; clk   ; Rise       ; data1[54] ;
+--------+--------------+----------------+------------------+-------+------------+-----------+


+----------------------------------------------------------------------------------------------------+
; Minimum Pulse Width: 'clk_32k'                                                                     ;
+--------+--------------+----------------+------------------+---------+------------+-----------------+
; Slack  ; Actual Width ; Required Width ; Type             ; Clock   ; Clock Edge ; Target          ;
+--------+--------------+----------------+------------------+---------+------------+-----------------+
; -2.289 ; 1.000        ; 3.289          ; Port Rate        ; clk_32k ; Rise       ; clk_32k         ;
; 0.234  ; 0.500        ; 0.266          ; High Pulse Width ; clk_32k ; Rise       ; counter[0]      ;
; 0.234  ; 0.500        ; 0.266          ; Low Pulse Width  ; clk_32k ; Rise       ; counter[0]      ;
; 0.234  ; 0.500        ; 0.266          ; High Pulse Width ; clk_32k ; Rise       ; counter[1]      ;
; 0.234  ; 0.500        ; 0.266          ; Low Pulse Width  ; clk_32k ; Rise       ; counter[1]      ;
; 0.500  ; 0.500        ; 0.000          ; High Pulse Width ; clk_32k ; Rise       ; clk_32k|combout ;
; 0.500  ; 0.500        ; 0.000          ; Low Pulse Width  ; clk_32k ; Rise       ; clk_32k|combout ;
; 0.500  ; 0.500        ; 0.000          ; High Pulse Width ; clk_32k ; Rise       ; counter[0]|clk  ;
; 0.500  ; 0.500        ; 0.000          ; Low Pulse Width  ; clk_32k ; Rise       ; counter[0]|clk  ;
; 0.500  ; 0.500        ; 0.000          ; High Pulse Width ; clk_32k ; Rise       ; counter[1]|clk  ;
; 0.500  ; 0.500        ; 0.000          ; Low Pulse Width  ; clk_32k ; Rise       ; counter[1]|clk  ;
+--------+--------------+----------------+------------------+---------+------------+-----------------+


+-----------------------------------------------------------------------+
; Setup Times                                                           ;
+-----------+------------+-------+-------+------------+-----------------+
; Data Port ; Clock Port ; Rise  ; Fall  ; Clock Edge ; Clock Reference ;
+-----------+------------+-------+-------+------------+-----------------+
; data      ; clk        ; 2.475 ; 2.475 ; Rise       ; clk             ;
; sel       ; clk        ; 5.685 ; 5.685 ; Rise       ; clk             ;
+-----------+------------+-------+-------+------------+-----------------+


+-------------------------------------------------------------------------+
; Hold Times                                                              ;
+-----------+------------+--------+--------+------------+-----------------+
; Data Port ; Clock Port ; Rise   ; Fall   ; Clock Edge ; Clock Reference ;
+-----------+------------+--------+--------+------------+-----------------+
; data      ; clk        ; -1.920 ; -1.920 ; Rise       ; clk             ;
; sel       ; clk        ; -3.184 ; -3.184 ; Rise       ; clk             ;
+-----------+------------+--------+--------+------------+-----------------+


+-------------------------------------------------------------------------+
; Clock to Output Times                                                   ;
+-----------+------------+--------+--------+------------+-----------------+
; Data Port ; Clock Port ; Rise   ; Fall   ; Clock Edge ; Clock Reference ;
+-----------+------------+--------+--------+------------+-----------------+
; out[*]    ; clk        ; 12.379 ; 12.379 ; Rise       ; clk             ;
;  out[0]   ; clk        ; 9.977  ; 9.977  ; Rise       ; clk             ;
;  out[1]   ; clk        ; 9.670  ; 9.670  ; Rise       ; clk             ;
;  out[2]   ; clk        ; 10.118 ; 10.118 ; Rise       ; clk             ;
;  out[3]   ; clk        ; 11.265 ; 11.265 ; Rise       ; clk             ;
;  out[4]   ; clk        ; 9.477  ; 9.477  ; Rise       ; clk             ;
;  out[5]   ; clk        ; 10.042 ; 10.042 ; Rise       ; clk             ;
;  out[6]   ; clk        ; 9.489  ; 9.489  ; Rise       ; clk             ;
;  out[7]   ; clk        ; 9.485  ; 9.485  ; Rise       ; clk             ;
;  out[8]   ; clk        ; 8.885  ; 8.885  ; Rise       ; clk             ;
;  out[9]   ; clk        ; 8.882  ; 8.882  ; Rise       ; clk             ;
;  out[10]  ; clk        ; 9.012  ; 9.012  ; Rise       ; clk             ;
;  out[11]  ; clk        ; 12.379 ; 12.379 ; Rise       ; clk             ;
;  out[12]  ; clk        ; 11.413 ; 11.413 ; Rise       ; clk             ;
;  out[13]  ; clk        ; 9.581  ; 9.581  ; Rise       ; clk             ;
;  out[14]  ; clk        ; 9.496  ; 9.496  ; Rise       ; clk             ;
;  out[15]  ; clk        ; 10.071 ; 10.071 ; Rise       ; clk             ;
;  out[16]  ; clk        ; 10.424 ; 10.424 ; Rise       ; clk             ;
;  out[17]  ; clk        ; 9.291  ; 9.291  ; Rise       ; clk             ;
;  out[18]  ; clk        ; 10.006 ; 10.006 ; Rise       ; clk             ;
;  out[19]  ; clk        ; 8.897  ; 8.897  ; Rise       ; clk             ;
;  out[20]  ; clk        ; 9.652  ; 9.652  ; Rise       ; clk             ;
;  out[21]  ; clk        ; 9.071  ; 9.071  ; Rise       ; clk             ;
;  out[22]  ; clk        ; 10.512 ; 10.512 ; Rise       ; clk             ;
;  out[23]  ; clk        ; 10.811 ; 10.811 ; Rise       ; clk             ;
;  out[24]  ; clk        ; 8.317  ; 8.317  ; Rise       ; clk             ;
;  out[25]  ; clk        ; 8.412  ; 8.412  ; Rise       ; clk             ;
;  out[26]  ; clk        ; 9.667  ; 9.667  ; Rise       ; clk             ;
;  out[27]  ; clk        ; 9.796  ; 9.796  ; Rise       ; clk             ;
;  out[28]  ; clk        ; 10.510 ; 10.510 ; Rise       ; clk             ;
;  out[29]  ; clk        ; 10.568 ; 10.568 ; Rise       ; clk             ;
;  out[30]  ; clk        ; 10.300 ; 10.300 ; Rise       ; clk             ;
;  out[31]  ; clk        ; 10.489 ; 10.489 ; Rise       ; clk             ;
;  out[32]  ; clk        ; 10.692 ; 10.692 ; Rise       ; clk             ;
;  out[33]  ; clk        ; 10.497 ; 10.497 ; Rise       ; clk             ;
;  out[34]  ; clk        ; 9.627  ; 9.627  ; Rise       ; clk             ;
;  out[35]  ; clk        ; 9.390  ; 9.390  ; Rise       ; clk             ;
;  out[36]  ; clk        ; 9.863  ; 9.863  ; Rise       ; clk             ;
;  out[37]  ; clk        ; 10.641 ; 10.641 ; Rise       ; clk             ;
;  out[38]  ; clk        ; 7.778  ; 7.778  ; Rise       ; clk             ;
;  out[39]  ; clk        ; 8.765  ; 8.765  ; Rise       ; clk             ;
;  out[40]  ; clk        ; 8.482  ; 8.482  ; Rise       ; clk             ;
;  out[41]  ; clk        ; 9.528  ; 9.528  ; Rise       ; clk             ;
;  out[42]  ; clk        ; 8.878  ; 8.878  ; Rise       ; clk             ;
;  out[43]  ; clk        ; 8.483  ; 8.483  ; Rise       ; clk             ;
;  out[44]  ; clk        ; 9.004  ; 9.004  ; Rise       ; clk             ;
;  out[45]  ; clk        ; 8.991  ; 8.991  ; Rise       ; clk             ;
;  out[46]  ; clk        ; 10.098 ; 10.098 ; Rise       ; clk             ;
;  out[47]  ; clk        ; 10.526 ; 10.526 ; Rise       ; clk             ;
;  out[48]  ; clk        ; 9.429  ; 9.429  ; Rise       ; clk             ;
;  out[49]  ; clk        ; 9.575  ; 9.575  ; Rise       ; clk             ;
;  out[50]  ; clk        ; 8.972  ; 8.972  ; Rise       ; clk             ;
;  out[51]  ; clk        ; 7.775  ; 7.775  ; Rise       ; clk             ;
;  out[52]  ; clk        ; 9.434  ; 9.434  ; Rise       ; clk             ;
;  out[53]  ; clk        ; 8.895  ; 8.895  ; Rise       ; clk             ;
;  out[54]  ; clk        ; 7.775  ; 7.775  ; Rise       ; clk             ;
;  out[55]  ; clk        ; 8.218  ; 8.218  ; Rise       ; clk             ;
;  out[56]  ; clk        ; 9.249  ; 9.249  ; Rise       ; clk             ;
;  out[57]  ; clk        ; 10.754 ; 10.754 ; Rise       ; clk             ;
;  out[58]  ; clk        ; 9.168  ; 9.168  ; Rise       ; clk             ;
;  out[59]  ; clk        ; 9.513  ; 9.513  ; Rise       ; clk             ;
;  out[60]  ; clk        ; 8.981  ; 8.981  ; Rise       ; clk             ;
;  out[61]  ; clk        ; 9.185  ; 9.185  ; Rise       ; clk             ;
;  out[62]  ; clk        ; 9.802  ; 9.802  ; Rise       ; clk             ;
;  out[63]  ; clk        ; 9.806  ; 9.806  ; Rise       ; clk             ;
;  out[64]  ; clk        ; 10.094 ; 10.094 ; Rise       ; clk             ;
;  out[65]  ; clk        ; 10.713 ; 10.713 ; Rise       ; clk             ;
;  out[66]  ; clk        ; 9.531  ; 9.531  ; Rise       ; clk             ;
;  out[67]  ; clk        ; 10.486 ; 10.486 ; Rise       ; clk             ;
;  out[68]  ; clk        ; 10.171 ; 10.171 ; Rise       ; clk             ;
;  out[69]  ; clk        ; 9.574  ; 9.574  ; Rise       ; clk             ;
;  out[70]  ; clk        ; 8.445  ; 8.445  ; Rise       ; clk             ;
;  out[71]  ; clk        ; 9.267  ; 9.267  ; Rise       ; clk             ;
; neon_pwm  ; clk_32k    ; 8.301  ; 8.301  ; Rise       ; clk_32k         ;
+-----------+------------+--------+--------+------------+-----------------+


+-----------------------------------------------------------------------+
; Minimum Clock to Output Times                                         ;
+-----------+------------+-------+-------+------------+-----------------+
; Data Port ; Clock Port ; Rise  ; Fall  ; Clock Edge ; Clock Reference ;
+-----------+------------+-------+-------+------------+-----------------+
; out[*]    ; clk        ; 7.246 ; 7.246 ; Rise       ; clk             ;
;  out[0]   ; clk        ; 8.906 ; 8.906 ; Rise       ; clk             ;
;  out[1]   ; clk        ; 8.451 ; 8.451 ; Rise       ; clk             ;
;  out[2]   ; clk        ; 8.895 ; 8.895 ; Rise       ; clk             ;
;  out[3]   ; clk        ; 9.022 ; 9.022 ; Rise       ; clk             ;
;  out[4]   ; clk        ; 8.946 ; 8.946 ; Rise       ; clk             ;
;  out[5]   ; clk        ; 8.979 ; 8.979 ; Rise       ; clk             ;
;  out[6]   ; clk        ; 8.966 ; 8.966 ; Rise       ; clk             ;
;  out[7]   ; clk        ; 8.429 ; 8.429 ; Rise       ; clk             ;
;  out[8]   ; clk        ; 8.340 ; 8.340 ; Rise       ; clk             ;
;  out[9]   ; clk        ; 8.350 ; 8.350 ; Rise       ; clk             ;
;  out[10]  ; clk        ; 8.466 ; 8.466 ; Rise       ; clk             ;
;  out[11]  ; clk        ; 9.630 ; 9.630 ; Rise       ; clk             ;
;  out[12]  ; clk        ; 8.466 ; 8.466 ; Rise       ; clk             ;
;  out[13]  ; clk        ; 8.334 ; 8.334 ; Rise       ; clk             ;
;  out[14]  ; clk        ; 8.951 ; 8.951 ; Rise       ; clk             ;
;  out[15]  ; clk        ; 9.000 ; 9.000 ; Rise       ; clk             ;
;  out[16]  ; clk        ; 8.777 ; 8.777 ; Rise       ; clk             ;
;  out[17]  ; clk        ; 8.403 ; 8.403 ; Rise       ; clk             ;
;  out[18]  ; clk        ; 8.518 ; 8.518 ; Rise       ; clk             ;
;  out[19]  ; clk        ; 8.360 ; 8.360 ; Rise       ; clk             ;
;  out[20]  ; clk        ; 8.422 ; 8.422 ; Rise       ; clk             ;
;  out[21]  ; clk        ; 8.534 ; 8.534 ; Rise       ; clk             ;
;  out[22]  ; clk        ; 8.466 ; 8.466 ; Rise       ; clk             ;
;  out[23]  ; clk        ; 8.461 ; 8.461 ; Rise       ; clk             ;
;  out[24]  ; clk        ; 7.246 ; 7.246 ; Rise       ; clk             ;
;  out[25]  ; clk        ; 7.885 ; 7.885 ; Rise       ; clk             ;
;  out[26]  ; clk        ; 8.436 ; 8.436 ; Rise       ; clk             ;
;  out[27]  ; clk        ; 8.565 ; 8.565 ; Rise       ; clk             ;
;  out[28]  ; clk        ; 8.993 ; 8.993 ; Rise       ; clk             ;
;  out[29]  ; clk        ; 8.943 ; 8.943 ; Rise       ; clk             ;
;  out[30]  ; clk        ; 9.071 ; 9.071 ; Rise       ; clk             ;
;  out[31]  ; clk        ; 9.056 ; 9.056 ; Rise       ; clk             ;
;  out[32]  ; clk        ; 9.088 ; 9.088 ; Rise       ; clk             ;
;  out[33]  ; clk        ; 9.282 ; 9.282 ; Rise       ; clk             ;
;  out[34]  ; clk        ; 9.126 ; 9.126 ; Rise       ; clk             ;
;  out[35]  ; clk        ; 8.517 ; 8.517 ; Rise       ; clk             ;
;  out[36]  ; clk        ; 8.334 ; 8.334 ; Rise       ; clk             ;
;  out[37]  ; clk        ; 8.475 ; 8.475 ; Rise       ; clk             ;
;  out[38]  ; clk        ; 7.253 ; 7.253 ; Rise       ; clk             ;
;  out[39]  ; clk        ; 7.260 ; 7.260 ; Rise       ; clk             ;
;  out[40]  ; clk        ; 7.247 ; 7.247 ; Rise       ; clk             ;
;  out[41]  ; clk        ; 8.995 ; 8.995 ; Rise       ; clk             ;
;  out[42]  ; clk        ; 7.253 ; 7.253 ; Rise       ; clk             ;
;  out[43]  ; clk        ; 7.247 ; 7.247 ; Rise       ; clk             ;
;  out[44]  ; clk        ; 8.466 ; 8.466 ; Rise       ; clk             ;
;  out[45]  ; clk        ; 8.466 ; 8.466 ; Rise       ; clk             ;
;  out[46]  ; clk        ; 9.561 ; 9.561 ; Rise       ; clk             ;
;  out[47]  ; clk        ; 8.900 ; 8.900 ; Rise       ; clk             ;
;  out[48]  ; clk        ; 8.885 ; 8.885 ; Rise       ; clk             ;
;  out[49]  ; clk        ; 9.040 ; 9.040 ; Rise       ; clk             ;
;  out[50]  ; clk        ; 8.432 ; 8.432 ; Rise       ; clk             ;
;  out[51]  ; clk        ; 7.253 ; 7.253 ; Rise       ; clk             ;
;  out[52]  ; clk        ; 8.452 ; 8.452 ; Rise       ; clk             ;
;  out[53]  ; clk        ; 7.253 ; 7.253 ; Rise       ; clk             ;
;  out[54]  ; clk        ; 7.253 ; 7.253 ; Rise       ; clk             ;
;  out[55]  ; clk        ; 7.260 ; 7.260 ; Rise       ; clk             ;
;  out[56]  ; clk        ; 7.247 ; 7.247 ; Rise       ; clk             ;
;  out[57]  ; clk        ; 8.466 ; 8.466 ; Rise       ; clk             ;
;  out[58]  ; clk        ; 8.638 ; 8.638 ; Rise       ; clk             ;
;  out[59]  ; clk        ; 8.990 ; 8.990 ; Rise       ; clk             ;
;  out[60]  ; clk        ; 8.458 ; 8.458 ; Rise       ; clk             ;
;  out[61]  ; clk        ; 8.622 ; 8.622 ; Rise       ; clk             ;
;  out[62]  ; clk        ; 9.241 ; 9.241 ; Rise       ; clk             ;
;  out[63]  ; clk        ; 9.242 ; 9.242 ; Rise       ; clk             ;
;  out[64]  ; clk        ; 9.171 ; 9.171 ; Rise       ; clk             ;
;  out[65]  ; clk        ; 9.058 ; 9.058 ; Rise       ; clk             ;
;  out[66]  ; clk        ; 8.641 ; 8.641 ; Rise       ; clk             ;
;  out[67]  ; clk        ; 9.259 ; 9.259 ; Rise       ; clk             ;
;  out[68]  ; clk        ; 8.517 ; 8.517 ; Rise       ; clk             ;
;  out[69]  ; clk        ; 8.508 ; 8.508 ; Rise       ; clk             ;
;  out[70]  ; clk        ; 7.923 ; 7.923 ; Rise       ; clk             ;
;  out[71]  ; clk        ; 8.765 ; 8.765 ; Rise       ; clk             ;
; neon_pwm  ; clk_32k    ; 8.301 ; 8.301 ; Rise       ; clk_32k         ;
+-----------+------------+-------+-------+------------+-----------------+


+------------------------------------------------------+
; Propagation Delay                                    ;
+------------+-------------+--------+----+----+--------+
; Input Port ; Output Port ; RR     ; RF ; FR ; FF     ;
+------------+-------------+--------+----+----+--------+
; en         ; out[0]      ; 10.385 ;    ;    ; 10.385 ;
; en         ; out[1]      ; 10.477 ;    ;    ; 10.477 ;
; en         ; out[2]      ; 10.921 ;    ;    ; 10.921 ;
; en         ; out[3]      ; 11.319 ;    ;    ; 11.319 ;
; en         ; out[4]      ; 11.243 ;    ;    ; 11.243 ;
; en         ; out[5]      ; 11.266 ;    ;    ; 11.266 ;
; en         ; out[6]      ; 11.255 ;    ;    ; 11.255 ;
; en         ; out[7]      ; 10.712 ;    ;    ; 10.712 ;
; en         ; out[8]      ; 10.951 ;    ;    ; 10.951 ;
; en         ; out[9]      ; 10.951 ;    ;    ; 10.951 ;
; en         ; out[10]     ; 11.078 ;    ;    ; 11.078 ;
; en         ; out[11]     ; 11.695 ;    ;    ; 11.695 ;
; en         ; out[12]     ; 11.085 ;    ;    ; 11.085 ;
; en         ; out[13]     ; 10.958 ;    ;    ; 10.958 ;
; en         ; out[14]     ; 11.574 ;    ;    ; 11.574 ;
; en         ; out[15]     ; 11.080 ;    ;    ; 11.080 ;
; en         ; out[16]     ; 11.428 ;    ;    ; 11.428 ;
; en         ; out[17]     ; 11.058 ;    ;    ; 11.058 ;
; en         ; out[18]     ; 11.253 ;    ;    ; 11.253 ;
; en         ; out[19]     ; 11.014 ;    ;    ; 11.014 ;
; en         ; out[20]     ; 11.079 ;    ;    ; 11.079 ;
; en         ; out[21]     ; 11.188 ;    ;    ; 11.188 ;
; en         ; out[22]     ; 11.639 ;    ;    ; 11.639 ;
; en         ; out[23]     ; 11.476 ;    ;    ; 11.476 ;
; en         ; out[24]     ; 10.659 ;    ;    ; 10.659 ;
; en         ; out[25]     ; 11.303 ;    ;    ; 11.303 ;
; en         ; out[26]     ; 11.570 ;    ;    ; 11.570 ;
; en         ; out[27]     ; 11.695 ;    ;    ; 11.695 ;
; en         ; out[28]     ; 11.918 ;    ;    ; 11.918 ;
; en         ; out[29]     ; 11.646 ;    ;    ; 11.646 ;
; en         ; out[30]     ; 11.775 ;    ;    ; 11.775 ;
; en         ; out[31]     ; 11.894 ;    ;    ; 11.894 ;
; en         ; out[32]     ; 11.796 ;    ;    ; 11.796 ;
; en         ; out[33]     ; 12.002 ;    ;    ; 12.002 ;
; en         ; out[34]     ; 12.045 ;    ;    ; 12.045 ;
; en         ; out[35]     ; 11.442 ;    ;    ; 11.442 ;
; en         ; out[36]     ; 11.095 ;    ;    ; 11.095 ;
; en         ; out[37]     ; 11.245 ;    ;    ; 11.245 ;
; en         ; out[38]     ; 10.023 ;    ;    ; 10.023 ;
; en         ; out[39]     ; 9.488  ;    ;    ; 9.488  ;
; en         ; out[40]     ; 10.014 ;    ;    ; 10.014 ;
; en         ; out[41]     ; 11.760 ;    ;    ; 11.760 ;
; en         ; out[42]     ; 9.944  ;    ;    ; 9.944  ;
; en         ; out[43]     ; 9.937  ;    ;    ; 9.937  ;
; en         ; out[44]     ; 11.157 ;    ;    ; 11.157 ;
; en         ; out[45]     ; 11.151 ;    ;    ; 11.151 ;
; en         ; out[46]     ; 12.805 ;    ;    ; 12.805 ;
; en         ; out[47]     ; 11.129 ;    ;    ; 11.129 ;
; en         ; out[48]     ; 11.651 ;    ;    ; 11.651 ;
; en         ; out[49]     ; 11.803 ;    ;    ; 11.803 ;
; en         ; out[50]     ; 11.192 ;    ;    ; 11.192 ;
; en         ; out[51]     ; 10.023 ;    ;    ; 10.023 ;
; en         ; out[52]     ; 11.221 ;    ;    ; 11.221 ;
; en         ; out[53]     ; 9.964  ;    ;    ; 9.964  ;
; en         ; out[54]     ; 9.964  ;    ;    ; 9.964  ;
; en         ; out[55]     ; 9.495  ;    ;    ; 9.495  ;
; en         ; out[56]     ; 9.481  ;    ;    ; 9.481  ;
; en         ; out[57]     ; 11.166 ;    ;    ; 11.166 ;
; en         ; out[58]     ; 10.890 ;    ;    ; 10.890 ;
; en         ; out[59]     ; 11.242 ;    ;    ; 11.242 ;
; en         ; out[60]     ; 11.208 ;    ;    ; 11.208 ;
; en         ; out[61]     ; 11.379 ;    ;    ; 11.379 ;
; en         ; out[62]     ; 11.991 ;    ;    ; 11.991 ;
; en         ; out[63]     ; 11.998 ;    ;    ; 11.998 ;
; en         ; out[64]     ; 11.429 ;    ;    ; 11.429 ;
; en         ; out[65]     ; 11.184 ;    ;    ; 11.184 ;
; en         ; out[66]     ; 10.945 ;    ;    ; 10.945 ;
; en         ; out[67]     ; 11.927 ;    ;    ; 11.927 ;
; en         ; out[68]     ; 10.144 ;    ;    ; 10.144 ;
; en         ; out[69]     ; 10.827 ;    ;    ; 10.827 ;
; en         ; out[70]     ; 10.235 ;    ;    ; 10.235 ;
; en         ; out[71]     ; 11.075 ;    ;    ; 11.075 ;
; pwm        ; out[0]      ; 10.756 ;    ;    ; 10.756 ;
; pwm        ; out[1]      ; 9.615  ;    ;    ; 9.615  ;
; pwm        ; out[2]      ; 10.059 ;    ;    ; 10.059 ;
; pwm        ; out[3]      ; 12.024 ;    ;    ; 12.024 ;
; pwm        ; out[4]      ; 12.488 ;    ;    ; 12.488 ;
; pwm        ; out[5]      ; 11.983 ;    ;    ; 11.983 ;
; pwm        ; out[6]      ; 12.513 ;    ;    ; 12.513 ;
; pwm        ; out[7]      ; 11.435 ;    ;    ; 11.435 ;
; pwm        ; out[8]      ; 12.522 ;    ;    ; 12.522 ;
; pwm        ; out[9]      ; 12.535 ;    ;    ; 12.535 ;
; pwm        ; out[10]     ; 12.649 ;    ;    ; 12.649 ;
; pwm        ; out[11]     ; 13.813 ;    ;    ; 13.813 ;
; pwm        ; out[12]     ; 12.290 ;    ;    ; 12.290 ;
; pwm        ; out[13]     ; 12.172 ;    ;    ; 12.172 ;
; pwm        ; out[14]     ; 13.480 ;    ;    ; 13.480 ;
; pwm        ; out[15]     ; 13.527 ;    ;    ; 13.527 ;
; pwm        ; out[16]     ; 12.383 ;    ;    ; 12.383 ;
; pwm        ; out[17]     ; 12.707 ;    ;    ; 12.707 ;
; pwm        ; out[18]     ; 12.114 ;    ;    ; 12.114 ;
; pwm        ; out[19]     ; 12.663 ;    ;    ; 12.663 ;
; pwm        ; out[20]     ; 12.019 ;    ;    ; 12.019 ;
; pwm        ; out[21]     ; 12.828 ;    ;    ; 12.828 ;
; pwm        ; out[22]     ; 11.922 ;    ;    ; 11.922 ;
; pwm        ; out[23]     ; 11.917 ;    ;    ; 11.917 ;
; pwm        ; out[24]     ; 10.370 ;    ;    ; 10.370 ;
; pwm        ; out[25]     ; 11.556 ;    ;    ; 11.556 ;
; pwm        ; out[26]     ; 11.566 ;    ;    ; 11.566 ;
; pwm        ; out[27]     ; 11.681 ;    ;    ; 11.681 ;
; pwm        ; out[28]     ; 12.884 ;    ;    ; 12.884 ;
; pwm        ; out[29]     ; 12.230 ;    ;    ; 12.230 ;
; pwm        ; out[30]     ; 12.359 ;    ;    ; 12.359 ;
; pwm        ; out[31]     ; 12.324 ;    ;    ; 12.324 ;
; pwm        ; out[32]     ; 12.961 ;    ;    ; 12.961 ;
; pwm        ; out[33]     ; 13.173 ;    ;    ; 13.173 ;
; pwm        ; out[34]     ; 13.006 ;    ;    ; 13.006 ;
; pwm        ; out[35]     ; 12.406 ;    ;    ; 12.406 ;
; pwm        ; out[36]     ; 11.670 ;    ;    ; 11.670 ;
; pwm        ; out[37]     ; 11.138 ;    ;    ; 11.138 ;
; pwm        ; out[38]     ; 10.609 ;    ;    ; 10.609 ;
; pwm        ; out[39]     ; 10.615 ;    ;    ; 10.615 ;
; pwm        ; out[40]     ; 9.907  ;    ;    ; 9.907  ;
; pwm        ; out[41]     ; 12.346 ;    ;    ; 12.346 ;
; pwm        ; out[42]     ; 9.531  ;    ;    ; 9.531  ;
; pwm        ; out[43]     ; 9.525  ;    ;    ; 9.525  ;
; pwm        ; out[44]     ; 11.377 ;    ;    ; 11.377 ;
; pwm        ; out[45]     ; 11.382 ;    ;    ; 11.382 ;
; pwm        ; out[46]     ; 12.384 ;    ;    ; 12.384 ;
; pwm        ; out[47]     ; 11.605 ;    ;    ; 11.605 ;
; pwm        ; out[48]     ; 11.900 ;    ;    ; 11.900 ;
; pwm        ; out[49]     ; 12.060 ;    ;    ; 12.060 ;
; pwm        ; out[50]     ; 11.448 ;    ;    ; 11.448 ;
; pwm        ; out[51]     ; 10.268 ;    ;    ; 10.268 ;
; pwm        ; out[52]     ; 11.466 ;    ;    ; 11.466 ;
; pwm        ; out[53]     ; 9.510  ;    ;    ; 9.510  ;
; pwm        ; out[54]     ; 9.829  ;    ;    ; 9.829  ;
; pwm        ; out[55]     ; 10.056 ;    ;    ; 10.056 ;
; pwm        ; out[56]     ; 9.502  ;    ;    ; 9.502  ;
; pwm        ; out[57]     ; 10.728 ;    ;    ; 10.728 ;
; pwm        ; out[58]     ; 11.184 ;    ;    ; 11.184 ;
; pwm        ; out[59]     ; 11.541 ;    ;    ; 11.541 ;
; pwm        ; out[60]     ; 12.297 ;    ;    ; 12.297 ;
; pwm        ; out[61]     ; 12.469 ;    ;    ; 12.469 ;
; pwm        ; out[62]     ; 13.070 ;    ;    ; 13.070 ;
; pwm        ; out[63]     ; 13.089 ;    ;    ; 13.089 ;
; pwm        ; out[64]     ; 11.734 ;    ;    ; 11.734 ;
; pwm        ; out[65]     ; 11.612 ;    ;    ; 11.612 ;
; pwm        ; out[66]     ; 10.785 ;    ;    ; 10.785 ;
; pwm        ; out[67]     ; 11.279 ;    ;    ; 11.279 ;
; pwm        ; out[68]     ; 10.651 ;    ;    ; 10.651 ;
; pwm        ; out[69]     ; 10.100 ;    ;    ; 10.100 ;
; pwm        ; out[70]     ; 10.065 ;    ;    ; 10.065 ;
; pwm        ; out[71]     ; 10.908 ;    ;    ; 10.908 ;
+------------+-------------+--------+----+----+--------+


+------------------------------------------------------+
; Minimum Propagation Delay                            ;
+------------+-------------+--------+----+----+--------+
; Input Port ; Output Port ; RR     ; RF ; FR ; FF     ;
+------------+-------------+--------+----+----+--------+
; en         ; out[0]      ; 10.385 ;    ;    ; 10.385 ;
; en         ; out[1]      ; 10.477 ;    ;    ; 10.477 ;
; en         ; out[2]      ; 10.921 ;    ;    ; 10.921 ;
; en         ; out[3]      ; 11.319 ;    ;    ; 11.319 ;
; en         ; out[4]      ; 11.243 ;    ;    ; 11.243 ;
; en         ; out[5]      ; 11.266 ;    ;    ; 11.266 ;
; en         ; out[6]      ; 11.255 ;    ;    ; 11.255 ;
; en         ; out[7]      ; 10.712 ;    ;    ; 10.712 ;
; en         ; out[8]      ; 10.951 ;    ;    ; 10.951 ;
; en         ; out[9]      ; 10.951 ;    ;    ; 10.951 ;
; en         ; out[10]     ; 11.078 ;    ;    ; 11.078 ;
; en         ; out[11]     ; 11.695 ;    ;    ; 11.695 ;
; en         ; out[12]     ; 11.085 ;    ;    ; 11.085 ;
; en         ; out[13]     ; 10.958 ;    ;    ; 10.958 ;
; en         ; out[14]     ; 11.574 ;    ;    ; 11.574 ;
; en         ; out[15]     ; 11.080 ;    ;    ; 11.080 ;
; en         ; out[16]     ; 11.428 ;    ;    ; 11.428 ;
; en         ; out[17]     ; 11.058 ;    ;    ; 11.058 ;
; en         ; out[18]     ; 11.253 ;    ;    ; 11.253 ;
; en         ; out[19]     ; 11.014 ;    ;    ; 11.014 ;
; en         ; out[20]     ; 11.079 ;    ;    ; 11.079 ;
; en         ; out[21]     ; 11.188 ;    ;    ; 11.188 ;
; en         ; out[22]     ; 11.639 ;    ;    ; 11.639 ;
; en         ; out[23]     ; 11.476 ;    ;    ; 11.476 ;
; en         ; out[24]     ; 10.659 ;    ;    ; 10.659 ;
; en         ; out[25]     ; 11.303 ;    ;    ; 11.303 ;
; en         ; out[26]     ; 11.570 ;    ;    ; 11.570 ;
; en         ; out[27]     ; 11.695 ;    ;    ; 11.695 ;
; en         ; out[28]     ; 11.918 ;    ;    ; 11.918 ;
; en         ; out[29]     ; 11.646 ;    ;    ; 11.646 ;
; en         ; out[30]     ; 11.775 ;    ;    ; 11.775 ;
; en         ; out[31]     ; 11.894 ;    ;    ; 11.894 ;
; en         ; out[32]     ; 11.796 ;    ;    ; 11.796 ;
; en         ; out[33]     ; 12.002 ;    ;    ; 12.002 ;
; en         ; out[34]     ; 12.045 ;    ;    ; 12.045 ;
; en         ; out[35]     ; 11.442 ;    ;    ; 11.442 ;
; en         ; out[36]     ; 11.095 ;    ;    ; 11.095 ;
; en         ; out[37]     ; 11.245 ;    ;    ; 11.245 ;
; en         ; out[38]     ; 10.023 ;    ;    ; 10.023 ;
; en         ; out[39]     ; 9.488  ;    ;    ; 9.488  ;
; en         ; out[40]     ; 10.014 ;    ;    ; 10.014 ;
; en         ; out[41]     ; 11.760 ;    ;    ; 11.760 ;
; en         ; out[42]     ; 9.944  ;    ;    ; 9.944  ;
; en         ; out[43]     ; 9.937  ;    ;    ; 9.937  ;
; en         ; out[44]     ; 11.157 ;    ;    ; 11.157 ;
; en         ; out[45]     ; 11.151 ;    ;    ; 11.151 ;
; en         ; out[46]     ; 12.805 ;    ;    ; 12.805 ;
; en         ; out[47]     ; 11.129 ;    ;    ; 11.129 ;
; en         ; out[48]     ; 11.651 ;    ;    ; 11.651 ;
; en         ; out[49]     ; 11.803 ;    ;    ; 11.803 ;
; en         ; out[50]     ; 11.192 ;    ;    ; 11.192 ;
; en         ; out[51]     ; 10.023 ;    ;    ; 10.023 ;
; en         ; out[52]     ; 11.221 ;    ;    ; 11.221 ;
; en         ; out[53]     ; 9.964  ;    ;    ; 9.964  ;
; en         ; out[54]     ; 9.964  ;    ;    ; 9.964  ;
; en         ; out[55]     ; 9.495  ;    ;    ; 9.495  ;
; en         ; out[56]     ; 9.481  ;    ;    ; 9.481  ;
; en         ; out[57]     ; 11.166 ;    ;    ; 11.166 ;
; en         ; out[58]     ; 10.890 ;    ;    ; 10.890 ;
; en         ; out[59]     ; 11.242 ;    ;    ; 11.242 ;
; en         ; out[60]     ; 11.208 ;    ;    ; 11.208 ;
; en         ; out[61]     ; 11.379 ;    ;    ; 11.379 ;
; en         ; out[62]     ; 11.991 ;    ;    ; 11.991 ;
; en         ; out[63]     ; 11.998 ;    ;    ; 11.998 ;
; en         ; out[64]     ; 11.429 ;    ;    ; 11.429 ;
; en         ; out[65]     ; 11.184 ;    ;    ; 11.184 ;
; en         ; out[66]     ; 10.945 ;    ;    ; 10.945 ;
; en         ; out[67]     ; 11.927 ;    ;    ; 11.927 ;
; en         ; out[68]     ; 10.144 ;    ;    ; 10.144 ;
; en         ; out[69]     ; 10.827 ;    ;    ; 10.827 ;
; en         ; out[70]     ; 10.235 ;    ;    ; 10.235 ;
; en         ; out[71]     ; 11.075 ;    ;    ; 11.075 ;
; pwm        ; out[0]      ; 10.756 ;    ;    ; 10.756 ;
; pwm        ; out[1]      ; 9.615  ;    ;    ; 9.615  ;
; pwm        ; out[2]      ; 10.059 ;    ;    ; 10.059 ;
; pwm        ; out[3]      ; 12.024 ;    ;    ; 12.024 ;
; pwm        ; out[4]      ; 12.488 ;    ;    ; 12.488 ;
; pwm        ; out[5]      ; 11.983 ;    ;    ; 11.983 ;
; pwm        ; out[6]      ; 12.513 ;    ;    ; 12.513 ;
; pwm        ; out[7]      ; 11.435 ;    ;    ; 11.435 ;
; pwm        ; out[8]      ; 12.522 ;    ;    ; 12.522 ;
; pwm        ; out[9]      ; 12.535 ;    ;    ; 12.535 ;
; pwm        ; out[10]     ; 12.649 ;    ;    ; 12.649 ;
; pwm        ; out[11]     ; 13.813 ;    ;    ; 13.813 ;
; pwm        ; out[12]     ; 12.290 ;    ;    ; 12.290 ;
; pwm        ; out[13]     ; 12.172 ;    ;    ; 12.172 ;
; pwm        ; out[14]     ; 13.480 ;    ;    ; 13.480 ;
; pwm        ; out[15]     ; 13.527 ;    ;    ; 13.527 ;
; pwm        ; out[16]     ; 12.383 ;    ;    ; 12.383 ;
; pwm        ; out[17]     ; 12.707 ;    ;    ; 12.707 ;
; pwm        ; out[18]     ; 12.114 ;    ;    ; 12.114 ;
; pwm        ; out[19]     ; 12.663 ;    ;    ; 12.663 ;
; pwm        ; out[20]     ; 12.019 ;    ;    ; 12.019 ;
; pwm        ; out[21]     ; 12.828 ;    ;    ; 12.828 ;
; pwm        ; out[22]     ; 11.922 ;    ;    ; 11.922 ;
; pwm        ; out[23]     ; 11.917 ;    ;    ; 11.917 ;
; pwm        ; out[24]     ; 10.370 ;    ;    ; 10.370 ;
; pwm        ; out[25]     ; 11.556 ;    ;    ; 11.556 ;
; pwm        ; out[26]     ; 11.566 ;    ;    ; 11.566 ;
; pwm        ; out[27]     ; 11.681 ;    ;    ; 11.681 ;
; pwm        ; out[28]     ; 12.884 ;    ;    ; 12.884 ;
; pwm        ; out[29]     ; 12.230 ;    ;    ; 12.230 ;
; pwm        ; out[30]     ; 12.359 ;    ;    ; 12.359 ;
; pwm        ; out[31]     ; 12.324 ;    ;    ; 12.324 ;
; pwm        ; out[32]     ; 12.961 ;    ;    ; 12.961 ;
; pwm        ; out[33]     ; 13.173 ;    ;    ; 13.173 ;
; pwm        ; out[34]     ; 13.006 ;    ;    ; 13.006 ;
; pwm        ; out[35]     ; 12.406 ;    ;    ; 12.406 ;
; pwm        ; out[36]     ; 11.670 ;    ;    ; 11.670 ;
; pwm        ; out[37]     ; 11.138 ;    ;    ; 11.138 ;
; pwm        ; out[38]     ; 10.609 ;    ;    ; 10.609 ;
; pwm        ; out[39]     ; 10.615 ;    ;    ; 10.615 ;
; pwm        ; out[40]     ; 9.907  ;    ;    ; 9.907  ;
; pwm        ; out[41]     ; 12.346 ;    ;    ; 12.346 ;
; pwm        ; out[42]     ; 9.531  ;    ;    ; 9.531  ;
; pwm        ; out[43]     ; 9.525  ;    ;    ; 9.525  ;
; pwm        ; out[44]     ; 11.377 ;    ;    ; 11.377 ;
; pwm        ; out[45]     ; 11.382 ;    ;    ; 11.382 ;
; pwm        ; out[46]     ; 12.384 ;    ;    ; 12.384 ;
; pwm        ; out[47]     ; 11.605 ;    ;    ; 11.605 ;
; pwm        ; out[48]     ; 11.900 ;    ;    ; 11.900 ;
; pwm        ; out[49]     ; 12.060 ;    ;    ; 12.060 ;
; pwm        ; out[50]     ; 11.448 ;    ;    ; 11.448 ;
; pwm        ; out[51]     ; 10.268 ;    ;    ; 10.268 ;
; pwm        ; out[52]     ; 11.466 ;    ;    ; 11.466 ;
; pwm        ; out[53]     ; 9.510  ;    ;    ; 9.510  ;
; pwm        ; out[54]     ; 9.829  ;    ;    ; 9.829  ;
; pwm        ; out[55]     ; 10.056 ;    ;    ; 10.056 ;
; pwm        ; out[56]     ; 9.502  ;    ;    ; 9.502  ;
; pwm        ; out[57]     ; 10.728 ;    ;    ; 10.728 ;
; pwm        ; out[58]     ; 11.184 ;    ;    ; 11.184 ;
; pwm        ; out[59]     ; 11.541 ;    ;    ; 11.541 ;
; pwm        ; out[60]     ; 12.297 ;    ;    ; 12.297 ;
; pwm        ; out[61]     ; 12.469 ;    ;    ; 12.469 ;
; pwm        ; out[62]     ; 13.070 ;    ;    ; 13.070 ;
; pwm        ; out[63]     ; 13.089 ;    ;    ; 13.089 ;
; pwm        ; out[64]     ; 11.734 ;    ;    ; 11.734 ;
; pwm        ; out[65]     ; 11.612 ;    ;    ; 11.612 ;
; pwm        ; out[66]     ; 10.785 ;    ;    ; 10.785 ;
; pwm        ; out[67]     ; 11.279 ;    ;    ; 11.279 ;
; pwm        ; out[68]     ; 10.651 ;    ;    ; 10.651 ;
; pwm        ; out[69]     ; 10.100 ;    ;    ; 10.100 ;
; pwm        ; out[70]     ; 10.065 ;    ;    ; 10.065 ;
; pwm        ; out[71]     ; 10.908 ;    ;    ; 10.908 ;
+------------+-------------+--------+----+----+--------+


+-------------------------------------------------------------------+
; Setup Transfers                                                   ;
+------------+----------+----------+----------+----------+----------+
; From Clock ; To Clock ; RR Paths ; FR Paths ; RF Paths ; FF Paths ;
+------------+----------+----------+----------+----------+----------+
; clk        ; clk      ; 142      ; 0        ; 0        ; 0        ;
; clk_32k    ; clk_32k  ; 3        ; 0        ; 0        ; 0        ;
+------------+----------+----------+----------+----------+----------+
Entries labeled "false path" only account for clock-to-clock false paths and not path-based false paths. As a result, actual path counts may be lower than reported.


+-------------------------------------------------------------------+
; Hold Transfers                                                    ;
+------------+----------+----------+----------+----------+----------+
; From Clock ; To Clock ; RR Paths ; FR Paths ; RF Paths ; FF Paths ;
+------------+----------+----------+----------+----------+----------+
; clk        ; clk      ; 142      ; 0        ; 0        ; 0        ;
; clk_32k    ; clk_32k  ; 3        ; 0        ; 0        ; 0        ;
+------------+----------+----------+----------+----------+----------+
Entries labeled "false path" only account for clock-to-clock false paths and not path-based false paths. As a result, actual path counts may be lower than reported.


---------------
; Report TCCS ;
---------------
No dedicated SERDES Transmitter circuitry present in device or used in design


---------------
; Report RSKM ;
---------------
No non-DPA dedicated SERDES Receiver circuitry present in device or used in design


+------------------------------------------------+
; Unconstrained Paths                            ;
+---------------------------------+-------+------+
; Property                        ; Setup ; Hold ;
+---------------------------------+-------+------+
; Illegal Clocks                  ; 0     ; 0    ;
; Unconstrained Clocks            ; 0     ; 0    ;
; Unconstrained Input Ports       ; 4     ; 4    ;
; Unconstrained Input Port Paths  ; 290   ; 290  ;
; Unconstrained Output Ports      ; 73    ; 73   ;
; Unconstrained Output Port Paths ; 289   ; 289  ;
+---------------------------------+-------+------+


+------------------------------------+
; TimeQuest Timing Analyzer Messages ;
+------------------------------------+
Info: *******************************************************************
Info: Running Quartus II 64-Bit TimeQuest Timing Analyzer
    Info: Version 14.0.0 Build 200 06/17/2014 SJ Full Version
    Info: Processing started: Mon Jan 12 20:42:37 2015
Info: Command: quartus_sta NixieTube -c NixieTube
Info: qsta_default_script.tcl version: #1
Info (11104): Parallel Compilation has detected 4 hyper-threaded processors. However, the extra hyper-threaded processors will not be used by default. Parallel Compilation will use 2 of the 2 physical processors detected instead.
Info (21077): Low junction temperature is 0 degrees C
Info (21077): High junction temperature is 85 degrees C
Info (306004): Started post-fitting delay annotation
Info (306005): Delay annotation completed successfully
Critical Warning (332012): Synopsys Design Constraints File file not found: 'NixieTube.sdc'. A Synopsys Design Constraints File is required by the TimeQuest Timing Analyzer to get proper timing constraints. Without it, the Compiler will not properly optimize the design.
Info (332142): No user constrained base clocks found in the design. Calling "derive_clocks -period 1.0"
Info (332105): Deriving Clocks
    Info (332105): create_clock -period 1.000 -name clk_32k clk_32k
    Info (332105): create_clock -period 1.000 -name clk clk
Info: Found TIMEQUEST_REPORT_SCRIPT_INCLUDE_DEFAULT_ANALYSIS = ON
Info: Can't run Report Timing Closure Recommendations. The current device family is not supported.
Critical Warning (332148): Timing requirements not met
Info (332146): Worst-case setup slack is -2.150
    Info (332119):     Slack       End Point TNS Clock 
    Info (332119): ========= =================== =====================
    Info (332119):    -2.150            -172.075 clk 
    Info (332119):    -1.452              -2.666 clk_32k 
Info (332146): Worst-case hold slack is 1.375
    Info (332119):     Slack       End Point TNS Clock 
    Info (332119): ========= =================== =====================
    Info (332119):     1.375               0.000 clk 
    Info (332119):     1.660               0.000 clk_32k 
Info (332140): No Recovery paths to report
Info (332140): No Removal paths to report
Info (332146): Worst-case minimum pulse width slack is -2.289
    Info (332119):     Slack       End Point TNS Clock 
    Info (332119): ========= =================== =====================
    Info (332119):    -2.289              -2.289 clk 
    Info (332119):    -2.289              -2.289 clk_32k 
Info (332001): The selected device family is not supported by the report_metastability command.
Info (332102): Design is not fully constrained for setup requirements
Info (332102): Design is not fully constrained for hold requirements
Info: Quartus II 64-Bit TimeQuest Timing Analyzer was successful. 0 errors, 2 warnings
    Info: Peak virtual memory: 452 megabytes
    Info: Processing ended: Mon Jan 12 20:42:38 2015
    Info: Elapsed time: 00:00:01
    Info: Total CPU time (on all processors): 00:00:01


